../MIDWARE/FATFS_SD/FATFS_SD.c:45:13:SPI_TxBuffer	0	static
../MIDWARE/FATFS_SD/FATFS_SD.c:38:13:SPI_TxByte	16	static
../MIDWARE/FATFS_SD/FATFS_SD.c:26:13:SELECT	0	static
../MIDWARE/FATFS_SD/FATFS_SD.c:32:13:DESELECT	0	static
../MIDWARE/FATFS_SD/FATFS_SD.c:52:16:SPI_RxByte	24	static
../MIDWARE/FATFS_SD/FATFS_SD.c:83:13:SD_PowerOn	16	static
../MIDWARE/FATFS_SD/FATFS_SD.c:70:16:SD_ReadyWait	8	static
../MIDWARE/FATFS_SD/FATFS_SD.c:149:13:SD_TxDataBlock	16	static
../MIDWARE/FATFS_SD/FATFS_SD.c:183:13:SD_SendCmd	16	static
../MIDWARE/FATFS_SD/FATFS_SD.c:126:13:SD_RxDataBlock	16	static
../MIDWARE/FATFS_SD/FATFS_SD.c:214:9:SD_disk_initialize	32	static
../MIDWARE/FATFS_SD/FATFS_SD.c:299:9:SD_disk_status	0	static
../MIDWARE/FATFS_SD/FATFS_SD.c:306:9:SD_disk_read	16	static
../MIDWARE/FATFS_SD/FATFS_SD.c:348:9:SD_disk_write	24	static
../MIDWARE/FATFS_SD/FATFS_SD.c:403:9:SD_disk_ioctl	32	static
