Archive member included to satisfy reference by file (symbol)

/Applications/STM32CubeIDE.app/Contents/Eclipse/plugins/com.st.stm32cube.ide.mcu.externaltools.gnu-tools-for-stm32.12.3.rel1.macos64_1.0.100.202403111906/tools/bin/../lib/gcc/arm-none-eabi/12.3.1/../../../../arm-none-eabi/lib/thumb/v7e-m+fp/hard/libc_nano.a(libc_a-exit.o)
                              /Applications/STM32CubeIDE.app/Contents/Eclipse/plugins/com.st.stm32cube.ide.mcu.externaltools.gnu-tools-for-stm32.12.3.rel1.macos64_1.0.100.202403111906/tools/bin/../lib/gcc/arm-none-eabi/12.3.1/../../../../arm-none-eabi/lib/thumb/v7e-m+fp/hard/crt0.o (exit)
/Applications/STM32CubeIDE.app/Contents/Eclipse/plugins/com.st.stm32cube.ide.mcu.externaltools.gnu-tools-for-stm32.12.3.rel1.macos64_1.0.100.202403111906/tools/bin/../lib/gcc/arm-none-eabi/12.3.1/../../../../arm-none-eabi/lib/thumb/v7e-m+fp/hard/libc_nano.a(libc_a-sprintf.o)
                              ./Core/Src/main.o (sprintf)
/Applications/STM32CubeIDE.app/Contents/Eclipse/plugins/com.st.stm32cube.ide.mcu.externaltools.gnu-tools-for-stm32.12.3.rel1.macos64_1.0.100.202403111906/tools/bin/../lib/gcc/arm-none-eabi/12.3.1/../../../../arm-none-eabi/lib/thumb/v7e-m+fp/hard/libc_nano.a(libc_a-findfp.o)
                              /Applications/STM32CubeIDE.app/Contents/Eclipse/plugins/com.st.stm32cube.ide.mcu.externaltools.gnu-tools-for-stm32.12.3.rel1.macos64_1.0.100.202403111906/tools/bin/../lib/gcc/arm-none-eabi/12.3.1/../../../../arm-none-eabi/lib/thumb/v7e-m+fp/hard/libc_nano.a(libc_a-exit.o) (__stdio_exit_handler)
/Applications/STM32CubeIDE.app/Contents/Eclipse/plugins/com.st.stm32cube.ide.mcu.externaltools.gnu-tools-for-stm32.12.3.rel1.macos64_1.0.100.202403111906/tools/bin/../lib/gcc/arm-none-eabi/12.3.1/../../../../arm-none-eabi/lib/thumb/v7e-m+fp/hard/libc_nano.a(libc_a-fwalk.o)
                              /Applications/STM32CubeIDE.app/Contents/Eclipse/plugins/com.st.stm32cube.ide.mcu.externaltools.gnu-tools-for-stm32.12.3.rel1.macos64_1.0.100.202403111906/tools/bin/../lib/gcc/arm-none-eabi/12.3.1/../../../../arm-none-eabi/lib/thumb/v7e-m+fp/hard/libc_nano.a(libc_a-findfp.o) (_fwalk_sglue)
/Applications/STM32CubeIDE.app/Contents/Eclipse/plugins/com.st.stm32cube.ide.mcu.externaltools.gnu-tools-for-stm32.12.3.rel1.macos64_1.0.100.202403111906/tools/bin/../lib/gcc/arm-none-eabi/12.3.1/../../../../arm-none-eabi/lib/thumb/v7e-m+fp/hard/libc_nano.a(libc_a-memset.o)
                              /Applications/STM32CubeIDE.app/Contents/Eclipse/plugins/com.st.stm32cube.ide.mcu.externaltools.gnu-tools-for-stm32.12.3.rel1.macos64_1.0.100.202403111906/tools/bin/../lib/gcc/arm-none-eabi/12.3.1/../../../../arm-none-eabi/lib/thumb/v7e-m+fp/hard/crt0.o (memset)
/Applications/STM32CubeIDE.app/Contents/Eclipse/plugins/com.st.stm32cube.ide.mcu.externaltools.gnu-tools-for-stm32.12.3.rel1.macos64_1.0.100.202403111906/tools/bin/../lib/gcc/arm-none-eabi/12.3.1/../../../../arm-none-eabi/lib/thumb/v7e-m+fp/hard/libc_nano.a(libc_a-impure.o)
                              /Applications/STM32CubeIDE.app/Contents/Eclipse/plugins/com.st.stm32cube.ide.mcu.externaltools.gnu-tools-for-stm32.12.3.rel1.macos64_1.0.100.202403111906/tools/bin/../lib/gcc/arm-none-eabi/12.3.1/../../../../arm-none-eabi/lib/thumb/v7e-m+fp/hard/libc_nano.a(libc_a-sprintf.o) (_impure_ptr)
/Applications/STM32CubeIDE.app/Contents/Eclipse/plugins/com.st.stm32cube.ide.mcu.externaltools.gnu-tools-for-stm32.12.3.rel1.macos64_1.0.100.202403111906/tools/bin/../lib/gcc/arm-none-eabi/12.3.1/../../../../arm-none-eabi/lib/thumb/v7e-m+fp/hard/libc_nano.a(libc_a-errno.o)
                              ./Core/Src/syscalls.o (__errno)
/Applications/STM32CubeIDE.app/Contents/Eclipse/plugins/com.st.stm32cube.ide.mcu.externaltools.gnu-tools-for-stm32.12.3.rel1.macos64_1.0.100.202403111906/tools/bin/../lib/gcc/arm-none-eabi/12.3.1/../../../../arm-none-eabi/lib/thumb/v7e-m+fp/hard/libc_nano.a(libc_a-init.o)
                              /Applications/STM32CubeIDE.app/Contents/Eclipse/plugins/com.st.stm32cube.ide.mcu.externaltools.gnu-tools-for-stm32.12.3.rel1.macos64_1.0.100.202403111906/tools/bin/../lib/gcc/arm-none-eabi/12.3.1/../../../../arm-none-eabi/lib/thumb/v7e-m+fp/hard/crt0.o (__libc_init_array)
/Applications/STM32CubeIDE.app/Contents/Eclipse/plugins/com.st.stm32cube.ide.mcu.externaltools.gnu-tools-for-stm32.12.3.rel1.macos64_1.0.100.202403111906/tools/bin/../lib/gcc/arm-none-eabi/12.3.1/../../../../arm-none-eabi/lib/thumb/v7e-m+fp/hard/libc_nano.a(libc_a-lock.o)
                              /Applications/STM32CubeIDE.app/Contents/Eclipse/plugins/com.st.stm32cube.ide.mcu.externaltools.gnu-tools-for-stm32.12.3.rel1.macos64_1.0.100.202403111906/tools/bin/../lib/gcc/arm-none-eabi/12.3.1/../../../../arm-none-eabi/lib/thumb/v7e-m+fp/hard/libc_nano.a(libc_a-findfp.o) (__retarget_lock_init_recursive)
[...]
Memory Configuration

Name             Origin             Length             Attributes
RAM              0x20000000         0x00020000         xrw
FLASH            0x08000000         0x00080000         xr
*default*        0x00000000         0xffffffff

Linker script and memory map

LOAD /Applications/STM32CubeIDE.app/Contents/Eclipse/plugins/com.st.stm32cube.ide.mcu.externaltools.gnu-tools-for-stm32.12.3.rel1.macos64_1.0.100.202403111906/tools/bin/../lib/gcc/arm-none-eabi/12.3.1/thumb/v7e-m+fp/hard/crti.o
LOAD /Applications/STM32CubeIDE.app/Contents/Eclipse/plugins/com.st.stm32cube.ide.mcu.externaltools.gnu-tools-for-stm32.12.3.rel1.macos64_1.0.100.202403111906/tools/bin/../lib/gcc/arm-none-eabi/12.3.1/thumb/v7e-m+fp/hard/crtbegin.o
LOAD /Applications/STM32CubeIDE.app/Contents/Eclipse/plugins/com.st.stm32cube.ide.mcu.externaltools.gnu-tools-for-stm32.12.3.rel1.macos64_1.0.100.202403111906/tools/bin/../lib/gcc/arm-none-eabi/12.3.1/../../../../arm-none-eabi/lib/thumb/v7e-m+fp/hard/crt0.o
LOAD ./Core/Src/main.o
LOAD ./Core/Src/stm32f4xx_hal_msp.o
LOAD ./Core/Src/stm32f4xx_it.o
LOAD ./Core/Src/syscalls.o
LOAD ./Core/Src/sysmem.o
LOAD ./Core/Src/system_stm32f4xx.o
LOAD ./Core/Startup/startup_stm32f446retx.o
LOAD ./Drivers/STM32F4xx_HAL_Driver/Src/stm32f4xx_hal.o
LOAD ./Drivers/STM32F4xx_HAL_Driver/Src/stm32f4xx_hal_cortex.o
LOAD ./Drivers/STM32F4xx_HAL_Driver/Src/stm32f4xx_hal_dma.o
LOAD ./Drivers/STM32F4xx_HAL_Driver/Src/stm32f4xx_hal_dma_ex.o
LOAD ./Drivers/STM32F4xx_HAL_Driver/Src/stm32f4xx_hal_exti.o
LOAD ./Drivers/STM32F4xx_HAL_Driver/Src/stm32f4xx_hal_flash.o
LOAD ./Drivers/STM32F4xx_HAL_Driver/Src/stm32f4xx_hal_flash_ex.o
LOAD ./Drivers/STM32F4xx_HAL_Driver/Src/stm32f4xx_hal_flash_ramfunc.o
LOAD ./Drivers/STM32F4xx_HAL_Driver/Src/stm32f4xx_hal_gpio.o
LOAD ./Drivers/STM32F4xx_HAL_Driver/Src/stm32f4xx_hal_pwr.o
LOAD ./Drivers/STM32F4xx_HAL_Driver/Src/stm32f4xx_hal_pwr_ex.o
LOAD ./Drivers/STM32F4xx_HAL_Driver/Src/stm32f4xx_hal_rcc.o
LOAD ./Drivers/STM32F4xx_HAL_Driver/Src/stm32f4xx_hal_rcc_ex.o
LOAD ./Drivers/STM32F4xx_HAL_Driver/Src/stm32f4xx_hal_spi.o
LOAD ./Drivers/STM32F4xx_HAL_Driver/Src/stm32f4xx_hal_tim.o
LOAD ./Drivers/STM32F4xx_HAL_Driver/Src/stm32f4xx_hal_tim_ex.o
LOAD ./Drivers/STM32F4xx_HAL_Driver/Src/stm32f4xx_hal_uart.o
LOAD ./FATFS/App/fatfs.o
LOAD ./FATFS/Target/user_diskio.o
LOAD ./MIDWARE/FATFS_SD/FATFS_SD.o
LOAD ./Middlewares/Third_Party/FatFs/src/diskio.o
LOAD ./Middlewares/Third_Party/FatFs/src/ff.o
LOAD ./Middlewares/Third_Party/FatFs/src/ff_gen_drv.o
LOAD ./Middlewares/Third_Party/FatFs/src/option/ccsbcs.o
LOAD ./Middlewares/Third_Party/FatFs/src/option/syscall.o
START GROUP
LOAD /Applications/STM32CubeIDE.app/Contents/Eclipse/plugins/com.st.stm32cube.ide.mcu.externaltools.gnu-tools-for-stm32.12.3.rel1.macos64_1.0.100.202403111906/tools/bin/../lib/gcc/arm-none-eabi/12.3.1/../../../../arm-none-eabi/lib/thumb/v7e-m+fp/hard/libc_nano.a
LOAD /Applications/STM32CubeIDE.app/Contents/Eclipse/plugins/com.st.stm32cube.ide.mcu.externaltools.gnu-tools-for-stm32.12.3.rel1.macos64_1.0.100.202403111906/tools/bin/../lib/gcc/arm-none-eabi/12.3.1/../../../../arm-none-eabi/lib/thumb/v7e-m+fp/hard/libm.a
END GROUP
START GROUP
LOAD /Applications/STM32CubeIDE.app/Contents/Eclipse/plugins/com.st.stm32cube.ide.mcu.externaltools.gnu-tools-for-stm32.12.3.rel1.macos64_1.0.100.202403111906/tools/bin/../lib/gcc/arm-none-eabi/12.3.1/thumb/v7e-m+fp/hard/libgcc.a
LOAD /Applications/STM32CubeIDE.app/Contents/Eclipse/plugins/com.st.stm32cube.ide.mcu.externaltools.gnu-tools-for-stm32.12.3.rel1.macos64_1.0.100.202403111906/tools/bin/../lib/gcc/arm-none-eabi/12.3.1/../../../../arm-none-eabi/lib/thumb/v7e-m+fp/hard/libc_nano.a
END GROUP
START GROUP
LOAD /Applications/STM32CubeIDE.app/Contents/Eclipse/plugins/com.st.stm32cube.ide.mcu.externaltools.gnu-tools-for-stm32.12.3.rel1.macos64_1.0.100.202403111906/tools/bin/../lib/gcc/arm-none-eabi/12.3.1/thumb/v7e-m+fp/hard/libgcc.a
LOAD /Applications/STM32CubeIDE.app/Contents/Eclipse/plugins/com.st.stm32cube.ide.mcu.externaltools.gnu-tools-for-stm32.12.3.rel1.macos64_1.0.100.202403111906/tools/bin/../lib/gcc/arm-none-eabi/12.3.1/../../../../arm-none-eabi/lib/thumb/v7e-m+fp/hard/libc_nano.a
LOAD /Applications/STM32CubeIDE.app/Contents/Eclipse/plugins/com.st.stm32cube.ide.mcu.externaltools.gnu-tools-for-stm32.12.3.rel1.macos64_1.0.100.202403111906/tools/bin/../lib/gcc/arm-none-eabi/12.3.1/../../../../arm-none-eabi/lib/thumb/v7e-m+fp/hard/libnosys.a
END GROUP
START GROUP
LOAD /Applications/STM32CubeIDE.app/Contents/Eclipse/plugins/com.st.stm32cube.ide.mcu.externaltools.gnu-tools-for-stm32.12.3.rel1.macos64_1.0.100.202403111906/tools/bin/../lib/gcc/arm-none-eabi/12.3.1/thumb/v7e-m+fp/hard/libgcc.a
LOAD /Applications/STM32CubeIDE.app/Contents/Eclipse/plugins/com.st.stm32cube.ide.mcu.externaltools.gnu-tools-for-stm32.12.3.rel1.macos64_1.0.100.202403111906/tools/bin/../lib/gcc/arm-none-eabi/12.3.1/../../../../arm-none-eabi/lib/thumb/v7e-m+fp/hard/libc_nano.a
LOAD /Applications/STM32CubeIDE.app/Contents/Eclipse/plugins/com.st.stm32cube.ide.mcu.externaltools.gnu-tools-for-stm32.12.3.rel1.macos64_1.0.100.202403111906/tools/bin/../lib/gcc/arm-none-eabi/12.3.1/../../../../arm-none-eabi/lib/thumb/v7e-m+fp/hard/libnosys.a
END GROUP
LOAD /Applications/STM32CubeIDE.app/Contents/Eclipse/plugins/com.st.stm32cube.ide.mcu.externaltools.gnu-tools-for-stm32.12.3.rel1.macos64_1.0.100.202403111906/tools/bin/../lib/gcc/arm-none-eabi/12.3.1/thumb/v7e-m+fp/hard/crtend.o
LOAD /Applications/STM32CubeIDE.app/Contents/Eclipse/plugins/com.st.stm32cube.ide.mcu.externaltools.gnu-tools-for-stm32.12.3.rel1.macos64_1.0.100.202403111906/tools/bin/../lib/gcc/arm-none-eabi/12.3.1/thumb/v7e-m+fp/hard/crtn.o
                0x20020000                        _estack = (ORIGIN (RAM) + LENGTH (RAM))
                0x00000200                        _Min_Heap_Size = 0x200
                0x00000400                        _Min_Stack_Size = 0x400

.isr_vector     0x08000000      0x1c4
                0x08000000                        . = ALIGN (0x4)
 *(.isr_vector)
 .isr_vector    0x08000000      0x1c4 ./Core/Startup/startup_stm32f446retx.o
                0x08000000                g_pfnVectors
                0x080001c4                        . = ALIGN (0x4)

.text           0x080001d0     0x84a4
                0x080001d0                        . = ALIGN (0x4)
 *(.text)
 .text          0x080001d0       0x40 /Applications/STM32CubeIDE.app/Contents/Eclipse/plugins/com.st.stm32cube.ide.mcu.externaltools.gnu-tools-for-stm32.12.3.rel1.macos64_1.0.100.202403111906/tools/bin/../lib/gcc/arm-none-eabi/12.3.1/thumb/v7e-m+fp/hard/crtbegin.o
 .text          0x08000210       0x10 /Applications/STM32CubeIDE.app/Contents/Eclipse/plugins/com.st.stm32cube.ide.mcu.externaltools.gnu-tools-for-stm32.12.3.rel1.macos64_1.0.100.202403111906/tools/bin/../lib/gcc/arm-none-eabi/12.3.1/../../../../arm-none-eabi/lib/thumb/v7e-m+fp/hard/libc_nano.a(libc_a-strlen.o)
                0x08000210                strlen
 .text          0x08000220       0xa0 /Applications/STM32CubeIDE.app/Contents/Eclipse/plugins/com.st.stm32cube.ide.mcu.externaltools.gnu-tools-for-stm32.12.3.rel1.macos64_1.0.100.202403111906/tools/bin/../lib/gcc/arm-none-eabi/12.3.1/../../../../arm-none-eabi/lib/thumb/v7e-m+fp/hard/libc_nano.a(libc_a-memchr.o)
                0x08000220                memchr
 .text          0x080002c0      0x254 /Applications/STM32CubeIDE.app/Contents/Eclipse/plugins/com.st.stm32cube.ide.mcu.externaltools.gnu-tools-for-stm32.12.3.rel1.macos64_1.0.100.202403111906/tools/bin/../lib/gcc/arm-none-eabi/12.3.1/thumb/v7e-m+fp/hard/libgcc.a(_arm_muldf3.o)
                0x080002c0                __aeabi_dmul
                0x080002c0                __muldf3
 .text          0x08000514      0x378 /Applications/STM32CubeIDE.app/Contents/Eclipse/plugins/com.st.stm32cube.ide.mcu.externaltools.gnu-tools-for-stm32.12.3.rel1.macos64_1.0.100.202403111906/tools/bin/../lib/gcc/arm-none-eabi/12.3.1/thumb/v7e-m+fp/hard/libgcc.a(_arm_addsubdf3.o)
                0x08000514                __aeabi_drsub
                0x0800051c                __subdf3
                0x0800051c                __aeabi_dsub
                0x08000520                __aeabi_dadd
                0x08000520                __adddf3
                0x08000798                __aeabi_ui2d
                0x08000798                __floatunsidf
                0x080007b8                __floatsidf
                0x080007b8                __aeabi_i2d
                0x080007dc                __extendsfdf2
                0x080007dc                __aeabi_f2d
                0x08000820                __aeabi_ul2d
                0x08000820                __floatundidf
                0x08000830                __aeabi_l2d
                0x08000830                __floatdidf
 .text          0x0800088c       0x40 /Applications/STM32CubeIDE.app/Contents/Eclipse/plugins/com.st.stm32cube.ide.mcu.externaltools.gnu-tools-for-stm32.12.3.rel1.macos64_1.0.100.202403111906/tools/bin/../lib/gcc/arm-none-eabi/12.3.1/thumb/v7e-m+fp/hard/libgcc.a(_arm_fixunsdfsi.o)
                0x0800088c                __fixunsdfsi
                0x0800088c                __aeabi_d2uiz
 .text          0x080008cc       0x30 /Applications/STM32CubeIDE.app/Contents/Eclipse/plugins/com.st.stm32cube.ide.mcu.externaltools.gnu-tools-for-stm32.12.3.rel1.macos64_1.0.100.202403111906/tools/bin/../lib/gcc/arm-none-eabi/12.3.1/thumb/v7e-m+fp/hard/libgcc.a(_aeabi_uldivmod.o)
                0x080008cc                __aeabi_uldivmod
 .text          0x080008fc      0x2bc /Applications/STM32CubeIDE.app/Contents/Eclipse/plugins/com.st.stm32cube.ide.mcu.externaltools.gnu-tools-for-stm32.12.3.rel1.macos64_1.0.100.202403111906/tools/bin/../lib/gcc/arm-none-eabi/12.3.1/thumb/v7e-m+fp/hard/libgcc.a(_udivmoddi4.o)
                0x080008fc                __udivmoddi4
 .text          0x08000bb8        0x4 /Applications/STM32CubeIDE.app/Contents/Eclipse/plugins/com.st.stm32cube.ide.mcu.externaltools.gnu-tools-for-stm32.12.3.rel1.macos64_1.0.100.202403111906/tools/bin/../lib/gcc/arm-none-eabi/12.3.1/thumb/v7e-m+fp/hard/libgcc.a(_dvmd_tls.o)
                0x08000bb8                __aeabi_ldiv0
                0x08000bb8                __aeabi_idiv0
 *(.text*)
 .text.UART_Print
                0x08000bbc       0x28 ./Core/Src/main.o
 .text.main     0x08000be4       0x40 ./Core/Src/main.o
                0x08000be4                main
 .text.SystemClock_Config
                0x08000c24       0xd8 ./Core/Src/main.o
                0x08000c24                SystemClock_Config
 .text.MX_SPI2_Init
                0x08000cfc       0x64 ./Core/Src/main.o
 .text.MX_SPI3_Init
                0x08000d60       0x6c ./Core/Src/main.o
 .text.MX_USART2_UART_Init
                0x08000dcc       0x54 ./Core/Src/main.o
 .text.MX_GPIO_Init
                0x08000e20       0xbc ./Core/Src/main.o
 .text.SD_Card_Test
                0x08000edc      0x434 ./Core/Src/main.o
 .text.Error_Handler
                0x08001310        0xc ./Core/Src/main.o
                0x08001310                Error_Handler
 .text.HAL_MspInit
                0x0800131c       0x50 ./Core/Src/stm32f4xx_hal_msp.o
                0x0800131c                HAL_MspInit
 .text.HAL_SPI_MspInit
                0x0800136c      0x178 ./Core/Src/stm32f4xx_hal_msp.o
                0x0800136c                HAL_SPI_MspInit
 .text.HAL_UART_MspInit
                0x080014e4       0x90 ./Core/Src/stm32f4xx_hal_msp.o
                0x080014e4                HAL_UART_MspInit
 .text.NMI_Handler
                0x08001574        0x8 ./Core/Src/stm32f4xx_it.o
                0x08001574                NMI_Handler
 .text.HardFault_Handler
                0x0800157c        0x8 ./Core/Src/stm32f4xx_it.o
                0x0800157c                HardFault_Handler
 .text.MemManage_Handler
                0x08001584        0x8 ./Core/Src/stm32f4xx_it.o
                0x08001584                MemManage_Handler
 .text.BusFault_Handler
                0x0800158c        0x8 ./Core/Src/stm32f4xx_it.o
                0x0800158c                BusFault_Handler
 .text.UsageFault_Handler
                0x08001594        0x8 ./Core/Src/stm32f4xx_it.o
                0x08001594                UsageFault_Handler
 .text.SVC_Handler
                0x0800159c        0xe ./Core/Src/stm32f4xx_it.o
                0x0800159c                SVC_Handler
 .text.DebugMon_Handler
                0x080015aa        0xe ./Core/Src/stm32f4xx_it.o
                0x080015aa                DebugMon_Handler
 .text.PendSV_Handler
                0x080015b8        0xe ./Core/Src/stm32f4xx_it.o
                0x080015b8                PendSV_Handler
 *fill*         0x080015c6        0x2 
 .text.SysTick_Handler
                0x080015c8       0x3c ./Core/Src/stm32f4xx_it.o
                0x080015c8                SysTick_Handler
 .text._sbrk    0x08001604       0x6c ./Core/Src/sysmem.o
                0x08001604                _sbrk
 .text.SystemInit
                0x08001670       0x24 ./Core/Src/system_stm32f4xx.o
                0x08001670                SystemInit
 .text.Reset_Handler
                0x08001694       0x50 ./Core/Startup/startup_stm32f446retx.o
                0x08001694                Reset_Handler
 .text.Default_Handler
                0x080016e4        0x2 ./Core/Startup/startup_stm32f446retx.o
                0x080016e4                DMA1_Stream3_IRQHandler
                0x080016e4                EXTI2_IRQHandler
                0x080016e4                TIM8_CC_IRQHandler
                0x080016e4                FMPI2C1_EV_IRQHandler
                0x080016e4                SPI4_IRQHandler
                0x080016e4                TIM1_CC_IRQHandler
                0x080016e4                DMA2_Stream5_IRQHandler
                0x080016e4                DMA1_Stream5_IRQHandler
                0x080016e4                PVD_IRQHandler
                0x080016e4                SDIO_IRQHandler
                0x080016e4                TAMP_STAMP_IRQHandler
                0x080016e4                CAN2_RX1_IRQHandler
                0x080016e4                EXTI3_IRQHandler
                0x080016e4                TIM8_TRG_COM_TIM14_IRQHandler
                0x080016e4                TIM1_UP_TIM10_IRQHandler
                0x080016e4                TIM8_UP_TIM13_IRQHandler
                0x080016e4                I2C3_ER_IRQHandler
                0x080016e4                EXTI0_IRQHandler
                0x080016e4                I2C2_EV_IRQHandler
                0x080016e4                DMA1_Stream2_IRQHandler
                0x080016e4                CAN1_RX0_IRQHandler
                0x080016e4                FPU_IRQHandler
                0x080016e4                OTG_HS_WKUP_IRQHandler
                0x080016e4                CAN2_SCE_IRQHandler
                0x080016e4                DMA2_Stream2_IRQHandler
                0x080016e4                SPI1_IRQHandler
                0x080016e4                TIM6_DAC_IRQHandler
                0x080016e4                TIM1_BRK_TIM9_IRQHandler
                0x080016e4                DCMI_IRQHandler
                0x080016e4                CAN2_RX0_IRQHandler
                0x080016e4                DMA2_Stream3_IRQHandler
                0x080016e4                SAI2_IRQHandler
                0x080016e4                USART6_IRQHandler
                0x080016e4                USART3_IRQHandler
                0x080016e4                CAN1_RX1_IRQHandler
                0x080016e4                UART5_IRQHandler
                0x080016e4                DMA2_Stream0_IRQHandler
                0x080016e4                TIM4_IRQHandler
                0x080016e4                QUADSPI_IRQHandler
                0x080016e4                I2C1_EV_IRQHandler
                0x080016e4                DMA1_Stream6_IRQHandler
                0x080016e4                DMA1_Stream1_IRQHandler
                0x080016e4                UART4_IRQHandler
                0x080016e4                TIM3_IRQHandler
                0x080016e4                RCC_IRQHandler
                0x080016e4                TIM8_BRK_TIM12_IRQHandler
                0x080016e4                Default_Handler
                0x080016e4                CEC_IRQHandler
                0x080016e4                EXTI15_10_IRQHandler
                0x080016e4                ADC_IRQHandler
                0x080016e4                DMA1_Stream7_IRQHandler
                0x080016e4                TIM7_IRQHandler
                0x080016e4                CAN2_TX_IRQHandler
                0x080016e4                TIM5_IRQHandler
                0x080016e4                DMA2_Stream7_IRQHandler
                0x080016e4                I2C3_EV_IRQHandler
                0x080016e4                EXTI9_5_IRQHandler
                0x080016e4                RTC_WKUP_IRQHandler
                0x080016e4                SPDIF_RX_IRQHandler
                0x080016e4                SPI2_IRQHandler
                0x080016e4                OTG_HS_EP1_IN_IRQHandler
                0x080016e4                DMA1_Stream0_IRQHandler
                0x080016e4                CAN1_TX_IRQHandler
                0x080016e4                FMPI2C1_ER_IRQHandler
                0x080016e4                EXTI4_IRQHandler
                0x080016e4                OTG_HS_EP1_OUT_IRQHandler
                0x080016e4                WWDG_IRQHandler
                0x080016e4                TIM2_IRQHandler
                0x080016e4                OTG_FS_WKUP_IRQHandler
                0x080016e4                TIM1_TRG_COM_TIM11_IRQHandler
                0x080016e4                OTG_HS_IRQHandler
                0x080016e4                EXTI1_IRQHandler
                0x080016e4                USART2_IRQHandler
                0x080016e4                I2C2_ER_IRQHandler
                0x080016e4                DMA2_Stream1_IRQHandler
                0x080016e4                CAN1_SCE_IRQHandler
                0x080016e4                FLASH_IRQHandler
                0x080016e4                DMA2_Stream4_IRQHandler
                0x080016e4                USART1_IRQHandler
                0x080016e4                OTG_FS_IRQHandler
                0x080016e4                SPI3_IRQHandler
                0x080016e4                DMA1_Stream4_IRQHandler
                0x080016e4                I2C1_ER_IRQHandler
                0x080016e4                FMC_IRQHandler
                0x080016e4                DMA2_Stream6_IRQHandler
                0x080016e4                SAI1_IRQHandler
                0x080016e4                RTC_Alarm_IRQHandler
 *fill*         0x080016e6        0x2 
 .text.HAL_Init
                0x080016e8       0x44 ./Drivers/STM32F4xx_HAL_Driver/Src/stm32f4xx_hal.o
                0x080016e8                HAL_Init
 .text.HAL_InitTick
                0x0800172c       0x60 ./Drivers/STM32F4xx_HAL_Driver/Src/stm32f4xx_hal.o
                0x0800172c                HAL_InitTick
 .text.HAL_IncTick
                0x0800178c       0x28 ./Drivers/STM32F4xx_HAL_Driver/Src/stm32f4xx_hal.o
                0x0800178c                HAL_IncTick
 .text.HAL_GetTick
                0x080017b4       0x18 ./Drivers/STM32F4xx_HAL_Driver/Src/stm32f4xx_hal.o
                0x080017b4                HAL_GetTick
 .text.HAL_Delay
                0x080017cc       0x48 ./Drivers/STM32F4xx_HAL_Driver/Src/stm32f4xx_hal.o
                0x080017cc                HAL_Delay
 .text.__NVIC_SetPriorityGrouping
                0x08001814       0x48 ./Drivers/STM32F4xx_HAL_Driver/Src/stm32f4xx_hal_cortex.o
 .text.__NVIC_GetPriorityGrouping
                0x0800185c       0x1c ./Drivers/STM32F4xx_HAL_Driver/Src/stm32f4xx_hal_cortex.o
 .text.__NVIC_SetPriority
                0x08001878       0x54 ./Drivers/STM32F4xx_HAL_Driver/Src/stm32f4xx_hal_cortex.o
 .text.NVIC_EncodePriority
                0x080018cc       0x66 ./Drivers/STM32F4xx_HAL_Driver/Src/stm32f4xx_hal_cortex.o
 *fill*         0x08001932        0x2 
 .text.SysTick_Config
                0x08001934       0x44 ./Drivers/STM32F4xx_HAL_Driver/Src/stm32f4xx_hal_cortex.o
 .text.HAL_NVIC_SetPriorityGrouping
                0x08001978       0x16 ./Drivers/STM32F4xx_HAL_Driver/Src/stm32f4xx_hal_cortex.o
                0x08001978                HAL_NVIC_SetPriorityGrouping
 .text.HAL_NVIC_SetPriority
                0x0800198e       0x38 ./Drivers/STM32F4xx_HAL_Driver/Src/stm32f4xx_hal_cortex.o
                0x0800198e                HAL_NVIC_SetPriority
 .text.HAL_SYSTICK_Config
                0x080019c6       0x18 ./Drivers/STM32F4xx_HAL_Driver/Src/stm32f4xx_hal_cortex.o
                0x080019c6                HAL_SYSTICK_Config
 *fill*         0x080019de        0x2 
 .text.HAL_GPIO_Init
                0x080019e0      0x328 ./Drivers/STM32F4xx_HAL_Driver/Src/stm32f4xx_hal_gpio.o
                0x080019e0                HAL_GPIO_Init
 .text.HAL_GPIO_WritePin
                0x08001d08       0x32 ./Drivers/STM32F4xx_HAL_Driver/Src/stm32f4xx_hal_gpio.o
                0x08001d08                HAL_GPIO_WritePin
 .text.HAL_GPIO_TogglePin
                0x08001d3a       0x34 ./Drivers/STM32F4xx_HAL_Driver/Src/stm32f4xx_hal_gpio.o
                0x08001d3a                HAL_GPIO_TogglePin
 *fill*         0x08001d6e        0x2 
 .text.HAL_RCC_ClockConfig
                0x08001d70      0x1cc ./Drivers/STM32F4xx_HAL_Driver/Src/stm32f4xx_hal_rcc.o
                0x08001d70                HAL_RCC_ClockConfig
 .text.HAL_RCC_GetHCLKFreq
                0x08001f3c       0x18 ./Drivers/STM32F4xx_HAL_Driver/Src/stm32f4xx_hal_rcc.o
                0x08001f3c                HAL_RCC_GetHCLKFreq
 .text.HAL_RCC_GetPCLK1Freq
                0x08001f54       0x28 ./Drivers/STM32F4xx_HAL_Driver/Src/stm32f4xx_hal_rcc.o
                0x08001f54                HAL_RCC_GetPCLK1Freq
 .text.HAL_RCC_GetPCLK2Freq
                0x08001f7c       0x28 ./Drivers/STM32F4xx_HAL_Driver/Src/stm32f4xx_hal_rcc.o
                0x08001f7c                HAL_RCC_GetPCLK2Freq
 .text.HAL_RCC_GetSysClockFreq
                0x08001fa4      0x460 ./Drivers/STM32F4xx_HAL_Driver/Src/stm32f4xx_hal_rcc_ex.o
                0x08001fa4                HAL_RCC_GetSysClockFreq
 .text.HAL_RCC_OscConfig
                0x08002404      0x53c ./Drivers/STM32F4xx_HAL_Driver/Src/stm32f4xx_hal_rcc_ex.o
                0x08002404                HAL_RCC_OscConfig
 .text.HAL_SPI_Init
                0x08002940      0x112 ./Drivers/STM32F4xx_HAL_Driver/Src/stm32f4xx_hal_spi.o
                0x08002940                HAL_SPI_Init
 .text.HAL_SPI_Transmit
                0x08002a52      0x286 ./Drivers/STM32F4xx_HAL_Driver/Src/stm32f4xx_hal_spi.o
                0x08002a52                HAL_SPI_Transmit
 .text.HAL_SPI_TransmitReceive
                0x08002cd8      0x360 ./Drivers/STM32F4xx_HAL_Driver/Src/stm32f4xx_hal_spi.o
                0x08002cd8                HAL_SPI_TransmitReceive
 .text.SPI_WaitFlagStateUntilTimeout
                0x08003038      0x110 ./Drivers/STM32F4xx_HAL_Driver/Src/stm32f4xx_hal_spi.o
 .text.SPI_EndRxTxTransaction
                0x08003148       0xa8 ./Drivers/STM32F4xx_HAL_Driver/Src/stm32f4xx_hal_spi.o
 .text.HAL_UART_Init
                0x080031f0       0xa0 ./Drivers/STM32F4xx_HAL_Driver/Src/stm32f4xx_hal_uart.o
                0x080031f0                HAL_UART_Init
 .text.HAL_UART_Transmit
                0x08003290      0x116 ./Drivers/STM32F4xx_HAL_Driver/Src/stm32f4xx_hal_uart.o
                0x08003290                HAL_UART_Transmit
 .text.UART_WaitOnFlagUntilTimeout
                0x080033a6       0xb2 ./Drivers/STM32F4xx_HAL_Driver/Src/stm32f4xx_hal_uart.o
 .text.UART_EndRxTransfer
                0x08003458       0xc6 ./Drivers/STM32F4xx_HAL_Driver/Src/stm32f4xx_hal_uart.o
 *fill*         0x0800351e        0x2 
 .text.UART_SetConfig
                0x08003520      0x4e8 ./Drivers/STM32F4xx_HAL_Driver/Src/stm32f4xx_hal_uart.o
 .text.MX_FATFS_Init
                0x08003a08       0x24 ./FATFS/App/fatfs.o
                0x08003a08                MX_FATFS_Init
 .text.get_fattime
                0x08003a2c       0x10 ./FATFS/App/fatfs.o
                0x08003a2c                get_fattime
 .text.USER_initialize
                0x08003a3c       0x1c ./FATFS/Target/user_diskio.o
                0x08003a3c                USER_initialize
 .text.USER_status
                0x08003a58       0x1c ./FATFS/Target/user_diskio.o
                0x08003a58                USER_status
 .text.USER_read
                0x08003a74       0x26 ./FATFS/Target/user_diskio.o
                0x08003a74                USER_read
 .text.USER_write
                0x08003a9a       0x26 ./FATFS/Target/user_diskio.o
                0x08003a9a                USER_write
 .text.USER_ioctl
                0x08003ac0       0x26 ./FATFS/Target/user_diskio.o
                0x08003ac0                USER_ioctl
 *fill*         0x08003ae6        0x2 
 .text.SELECT   0x08003ae8       0x18 ./MIDWARE/FATFS_SD/FATFS_SD.o
 .text.DESELECT
                0x08003b00       0x18 ./MIDWARE/FATFS_SD/FATFS_SD.o
 .text.SPI_TxByte
                0x08003b18       0x34 ./MIDWARE/FATFS_SD/FATFS_SD.o
 .text.SPI_TxBuffer
                0x08003b4c       0x34 ./MIDWARE/FATFS_SD/FATFS_SD.o
 .text.SPI_RxByte
                0x08003b80       0x38 ./MIDWARE/FATFS_SD/FATFS_SD.o
 .text.SPI_RxBytePtr
                0x08003bb8       0x1c ./MIDWARE/FATFS_SD/FATFS_SD.o
 .text.SD_ReadyWait
                0x08003bd4       0x34 ./MIDWARE/FATFS_SD/FATFS_SD.o
 .text.SD_PowerOn
                0x08003c08       0x84 ./MIDWARE/FATFS_SD/FATFS_SD.o
 .text.SD_PowerOff
                0x08003c8c       0x18 ./MIDWARE/FATFS_SD/FATFS_SD.o
 .text.SD_CheckPower
                0x08003ca4       0x18 ./MIDWARE/FATFS_SD/FATFS_SD.o
 .text.SD_RxDataBlock
                0x08003cbc       0x5c ./MIDWARE/FATFS_SD/FATFS_SD.o
 .text.SD_TxDataBlock
                0x08003d18       0x86 ./MIDWARE/FATFS_SD/FATFS_SD.o
 .text.SD_SendCmd
                0x08003d9e       0xa8 ./MIDWARE/FATFS_SD/FATFS_SD.o
 *fill*         0x08003e46        0x2 
 .text.SD_disk_initialize
                0x08003e48      0x1cc ./MIDWARE/FATFS_SD/FATFS_SD.o
                0x08003e48                SD_disk_initialize
 .text.SD_disk_status
                0x08004014       0x2c ./MIDWARE/FATFS_SD/FATFS_SD.o
                0x08004014                SD_disk_status
 .text.SD_disk_read
                0x08004040       0xd4 ./MIDWARE/FATFS_SD/FATFS_SD.o
                0x08004040                SD_disk_read
 .text.SD_disk_write
                0x08004114      0x108 ./MIDWARE/FATFS_SD/FATFS_SD.o
                0x08004114                SD_disk_write
 .text.SD_disk_ioctl
                0x0800421c      0x254 ./MIDWARE/FATFS_SD/FATFS_SD.o
                0x0800421c                SD_disk_ioctl
 .text.disk_status
                0x08004470       0x34 ./Middlewares/Third_Party/FatFs/src/diskio.o
                0x08004470                disk_status
 .text.disk_initialize
                0x080044a4       0x50 ./Middlewares/Third_Party/FatFs/src/diskio.o
                0x080044a4                disk_initialize
 .text.disk_read
                0x080044f4       0x40 ./Middlewares/Third_Party/FatFs/src/diskio.o
                0x080044f4                disk_read
 .text.disk_write
                0x08004534       0x40 ./Middlewares/Third_Party/FatFs/src/diskio.o
                0x08004534                disk_write
 .text.disk_ioctl
                0x08004574       0x3c ./Middlewares/Third_Party/FatFs/src/diskio.o
                0x08004574                disk_ioctl
 .text.ld_word  0x080045b0       0x30 ./Middlewares/Third_Party/FatFs/src/ff.o
 .text.ld_dword
                0x080045e0       0x46 ./Middlewares/Third_Party/FatFs/src/ff.o
 .text.st_word  0x08004626       0x36 ./Middlewares/Third_Party/FatFs/src/ff.o
 .text.st_dword
                0x0800465c       0x58 ./Middlewares/Third_Party/FatFs/src/ff.o
 .text.mem_cpy  0x080046b4       0x42 ./Middlewares/Third_Party/FatFs/src/ff.o
 .text.mem_set  0x080046f6       0x36 ./Middlewares/Third_Party/FatFs/src/ff.o
 .text.mem_cmp  0x0800472c       0x4e ./Middlewares/Third_Party/FatFs/src/ff.o
 .text.chk_chr  0x0800477a       0x36 ./Middlewares/Third_Party/FatFs/src/ff.o
 .text.chk_lock
                0x080047b0       0xb8 ./Middlewares/Third_Party/FatFs/src/ff.o
 .text.enq_lock
                0x08004868       0x44 ./Middlewares/Third_Party/FatFs/src/ff.o
 .text.inc_lock
                0x080048ac      0x11c ./Middlewares/Third_Party/FatFs/src/ff.o
 .text.dec_lock
                0x080049c8       0x78 ./Middlewares/Third_Party/FatFs/src/ff.o
 .text.clear_lock
                0x08004a40       0x48 ./Middlewares/Third_Party/FatFs/src/ff.o
 .text.sync_window
                0x08004a88       0x88 ./Middlewares/Third_Party/FatFs/src/ff.o
 .text.move_window
                0x08004b10       0x5a ./Middlewares/Third_Party/FatFs/src/ff.o
 *fill*         0x08004b6a        0x2 
 .text.sync_fs  0x08004b6c       0xe0 ./Middlewares/Third_Party/FatFs/src/ff.o
 .text.clust2sect
                0x08004c4c       0x3e ./Middlewares/Third_Party/FatFs/src/ff.o
 .text.get_fat  0x08004c8a      0x1a6 ./Middlewares/Third_Party/FatFs/src/ff.o
 .text.put_fat  0x08004e30      0x234 ./Middlewares/Third_Party/FatFs/src/ff.o
 .text.remove_chain
                0x08005064       0xca ./Middlewares/Third_Party/FatFs/src/ff.o
 .text.create_chain
                0x0800512e      0x130 ./Middlewares/Third_Party/FatFs/src/ff.o
 .text.clmt_clust
                0x0800525e       0x70 ./Middlewares/Third_Party/FatFs/src/ff.o
 .text.dir_sdi  0x080052ce      0x112 ./Middlewares/Third_Party/FatFs/src/ff.o
 .text.dir_next
                0x080053e0      0x1ac ./Middlewares/Third_Party/FatFs/src/ff.o
 .text.dir_alloc
                0x0800558c       0x8e ./Middlewares/Third_Party/FatFs/src/ff.o
 .text.ld_clust
                0x0800561a       0x3e ./Middlewares/Third_Party/FatFs/src/ff.o
 .text.st_clust
                0x08005658       0x40 ./Middlewares/Third_Party/FatFs/src/ff.o
 .text.cmp_lfn  0x08005698       0xe0 ./Middlewares/Third_Party/FatFs/src/ff.o
 .text.put_lfn  0x08005778       0xd0 ./Middlewares/Third_Party/FatFs/src/ff.o
 .text.gen_numname
                0x08005848      0x11c ./Middlewares/Third_Party/FatFs/src/ff.o
 .text.sum_sfn  0x08005964       0x42 ./Middlewares/Third_Party/FatFs/src/ff.o
 .text.dir_find
                0x080059a6      0x180 ./Middlewares/Third_Party/FatFs/src/ff.o
 *fill*         0x08005b26        0x2 
 .text.dir_register
                0x08005b28      0x1f0 ./Middlewares/Third_Party/FatFs/src/ff.o
 .text.create_name
                0x08005d18      0x370 ./Middlewares/Third_Party/FatFs/src/ff.o
 .text.follow_path
                0x08006088       0xec ./Middlewares/Third_Party/FatFs/src/ff.o
 .text.get_ldnumber
                0x08006174       0x88 ./Middlewares/Third_Party/FatFs/src/ff.o
 .text.check_fs
                0x080061fc       0xac ./Middlewares/Third_Party/FatFs/src/ff.o
 .text.find_volume
                0x080062a8      0x50c ./Middlewares/Third_Party/FatFs/src/ff.o
 .text.validate
                0x080067b4       0x6a ./Middlewares/Third_Party/FatFs/src/ff.o
 *fill*         0x0800681e        0x2 
 .text.f_mount  0x08006820       0x8c ./Middlewares/Third_Party/FatFs/src/ff.o
                0x08006820                f_mount
 .text.f_open   0x080068ac      0x390 ./Middlewares/Third_Party/FatFs/src/ff.o
                0x080068ac                f_open
 .text.f_read   0x08006c3c      0x2be ./Middlewares/Third_Party/FatFs/src/ff.o
                0x08006c3c                f_read
 .text.f_write  0x08006efa      0x328 ./Middlewares/Third_Party/FatFs/src/ff.o
                0x08006efa                f_write
 .text.f_sync   0x08007222       0xfc ./Middlewares/Third_Party/FatFs/src/ff.o
                0x08007222                f_sync
 .text.f_close  0x0800731e       0x54 ./Middlewares/Third_Party/FatFs/src/ff.o
                0x0800731e                f_close
 .text.f_lseek  0x08007372      0x448 ./Middlewares/Third_Party/FatFs/src/ff.o
                0x08007372                f_lseek
 .text.f_getfree
                0x080077ba      0x16a ./Middlewares/Third_Party/FatFs/src/ff.o
                0x080077ba                f_getfree
 .text.f_gets   0x08007924       0x7c ./Middlewares/Third_Party/FatFs/src/ff.o
                0x08007924                f_gets
 .text.putc_bfd
                0x080079a0       0x7a ./Middlewares/Third_Party/FatFs/src/ff.o
 .text.putc_flush
                0x08007a1a       0x4a ./Middlewares/Third_Party/FatFs/src/ff.o
 .text.putc_init
                0x08007a64       0x2a ./Middlewares/Third_Party/FatFs/src/ff.o
 .text.f_puts   0x08007a8e       0x48 ./Middlewares/Third_Party/FatFs/src/ff.o
                0x08007a8e                f_puts
 *fill*         0x08007ad6        0x2 
 .text.FATFS_LinkDriverEx
                0x08007ad8       0x98 ./Middlewares/Third_Party/FatFs/src/ff_gen_drv.o
                0x08007ad8                FATFS_LinkDriverEx
 .text.FATFS_LinkDriver
                0x08007b70       0x1e ./Middlewares/Third_Party/FatFs/src/ff_gen_drv.o
                0x08007b70                FATFS_LinkDriver
 *fill*         0x08007b8e        0x2 
 .text.ff_convert
                0x08007b90       0x78 ./Middlewares/Third_Party/FatFs/src/option/ccsbcs.o
                0x08007b90                ff_convert
 .text.ff_wtoupper
                0x08007c08      0x114 ./Middlewares/Third_Party/FatFs/src/option/ccsbcs.o
                0x08007c08                ff_wtoupper
 .text.sprintf  0x08007d1c       0x40 /Applications/STM32CubeIDE.app/Contents/Eclipse/plugins/com.st.stm32cube.ide.mcu.externaltools.gnu-tools-for-stm32.12.3.rel1.macos64_1.0.100.202403111906/tools/bin/../lib/gcc/arm-none-eabi/12.3.1/../../../../arm-none-eabi/lib/thumb/v7e-m+fp/hard/libc_nano.a(libc_a-sprintf.o)
                0x08007d1c                sprintf
                0x08007d1c                siprintf
 .text.memset   0x08007d5c       0x10 /Applications/STM32CubeIDE.app/Contents/Eclipse/plugins/com.st.stm32cube.ide.mcu.externaltools.gnu-tools-for-stm32.12.3.rel1.macos64_1.0.100.202403111906/tools/bin/../lib/gcc/arm-none-eabi/12.3.1/../../../../arm-none-eabi/lib/thumb/v7e-m+fp/hard/libc_nano.a(libc_a-memset.o)
                0x08007d5c                memset
 .text.__errno  0x08007d6c        0xc /Applications/STM32CubeIDE.app/Contents/Eclipse/plugins/com.st.stm32cube.ide.mcu.externaltools.gnu-tools-for-stm32.12.3.rel1.macos64_1.0.100.202403111906/tools/bin/../lib/gcc/arm-none-eabi/12.3.1/../../../../arm-none-eabi/lib/thumb/v7e-m+fp/hard/libc_nano.a(libc_a-errno.o)
                0x08007d6c                __errno
 .text.__libc_init_array
                0x08007d78       0x48 /Applications/STM32CubeIDE.app/Contents/Eclipse/plugins/com.st.stm32cube.ide.mcu.externaltools.gnu-tools-for-stm32.12.3.rel1.macos64_1.0.100.202403111906/tools/bin/../lib/gcc/arm-none-eabi/12.3.1/../../../../arm-none-eabi/lib/thumb/v7e-m+fp/hard/libc_nano.a(libc_a-init.o)
                0x08007d78                __libc_init_array
 .text.__retarget_lock_acquire_recursive
                0x08007dc0        0x2 /Applications/STM32CubeIDE.app/Contents/Eclipse/plugins/com.st.stm32cube.ide.mcu.externaltools.gnu-tools-for-stm32.12.3.rel1.macos64_1.0.100.202403111906/tools/bin/../lib/gcc/arm-none-eabi/12.3.1/../../../../arm-none-eabi/lib/thumb/v7e-m+fp/hard/libc_nano.a(libc_a-lock.o)
                0x08007dc0                __retarget_lock_acquire_recursive
 .text.__retarget_lock_release_recursive
                0x08007dc2        0x2 /Applications/STM32CubeIDE.app/Contents/Eclipse/plugins/com.st.stm32cube.ide.mcu.externaltools.gnu-tools-for-stm32.12.3.rel1.macos64_1.0.100.202403111906/tools/bin/../lib/gcc/arm-none-eabi/12.3.1/../../../../arm-none-eabi/lib/thumb/v7e-m+fp/hard/libc_nano.a(libc_a-lock.o)
                0x08007dc2                __retarget_lock_release_recursive
 .text.__ssputs_r
                0x08007dc4       0xb6 /Applications/STM32CubeIDE.app/Contents/Eclipse/plugins/com.st.stm32cube.ide.mcu.externaltools.gnu-tools-for-stm32.12.3.rel1.macos64_1.0.100.202403111906/tools/bin/../lib/gcc/arm-none-eabi/12.3.1/../../../../arm-none-eabi/lib/thumb/v7e-m+fp/hard/libc_nano.a(libc_a-nano-svfprintf.o)
                0x08007dc4                __ssputs_r
 *fill*         0x08007e7a        0x2 
 .text._svfprintf_r
                0x08007e7c      0x1f8 /Applications/STM32CubeIDE.app/Contents/Eclipse/plugins/com.st.stm32cube.ide.mcu.externaltools.gnu-tools-for-stm32.12.3.rel1.macos64_1.0.100.202403111906/tools/bin/../lib/gcc/arm-none-eabi/12.3.1/../../../../arm-none-eabi/lib/thumb/v7e-m+fp/hard/libc_nano.a(libc_a-nano-svfprintf.o)
                0x08007e7c                _svfprintf_r
                0x08007e7c                _svfiprintf_r
 .text.sbrk_aligned
                0x08008074       0x44 /Applications/STM32CubeIDE.app/Contents/Eclipse/plugins/com.st.stm32cube.ide.mcu.externaltools.gnu-tools-for-stm32.12.3.rel1.macos64_1.0.100.202403111906/tools/bin/../lib/gcc/arm-none-eabi/12.3.1/../../../../arm-none-eabi/lib/thumb/v7e-m+fp/hard/libc_nano.a(libc_a-mallocr.o)
 .text._malloc_r
                0x080080b8      0x100 /Applications/STM32CubeIDE.app/Contents/Eclipse/plugins/com.st.stm32cube.ide.mcu.externaltools.gnu-tools-for-stm32.12.3.rel1.macos64_1.0.100.202403111906/tools/bin/../lib/gcc/arm-none-eabi/12.3.1/../../../../arm-none-eabi/lib/thumb/v7e-m+fp/hard/libc_nano.a(libc_a-mallocr.o)
                0x080080b8                _malloc_r
 .text._printf_common
                0x080081b8       0xda /Applications/STM32CubeIDE.app/Contents/Eclipse/plugins/com.st.stm32cube.ide.mcu.externaltools.gnu-tools-for-stm32.12.3.rel1.macos64_1.0.100.202403111906/tools/bin/../lib/gcc/arm-none-eabi/12.3.1/../../../../arm-none-eabi/lib/thumb/v7e-m+fp/hard/libc_nano.a(libc_a-nano-vfprintf_i.o)
                0x080081b8                _printf_common
 *fill*         0x08008292        0x2 
 .text._printf_i
                0x08008294      0x240 /Applications/STM32CubeIDE.app/Contents/Eclipse/plugins/com.st.stm32cube.ide.mcu.externaltools.gnu-tools-for-stm32.12.3.rel1.macos64_1.0.100.202403111906/tools/bin/../lib/gcc/arm-none-eabi/12.3.1/../../../../arm-none-eabi/lib/thumb/v7e-m+fp/hard/libc_nano.a(libc_a-nano-vfprintf_i.o)
                0x08008294                _printf_i
 .text.__malloc_lock
                0x080084d4        0xc /Applications/STM32CubeIDE.app/Contents/Eclipse/plugins/com.st.stm32cube.ide.mcu.externaltools.gnu-tools-for-stm32.12.3.rel1.macos64_1.0.100.202403111906/tools/bin/../lib/gcc/arm-none-eabi/12.3.1/../../../../arm-none-eabi/lib/thumb/v7e-m+fp/hard/libc_nano.a(libc_a-mlock.o)
                0x080084d4                __malloc_lock
 .text.__malloc_unlock
                0x080084e0        0xc /Applications/STM32CubeIDE.app/Contents/Eclipse/plugins/com.st.stm32cube.ide.mcu.externaltools.gnu-tools-for-stm32.12.3.rel1.macos64_1.0.100.202403111906/tools/bin/../lib/gcc/arm-none-eabi/12.3.1/../../../../arm-none-eabi/lib/thumb/v7e-m+fp/hard/libc_nano.a(libc_a-mlock.o)
                0x080084e0                __malloc_unlock
 .text._realloc_r
                0x080084ec       0x5c /Applications/STM32CubeIDE.app/Contents/Eclipse/plugins/com.st.stm32cube.ide.mcu.externaltools.gnu-tools-for-stm32.12.3.rel1.macos64_1.0.100.202403111906/tools/bin/../lib/gcc/arm-none-eabi/12.3.1/../../../../arm-none-eabi/lib/thumb/v7e-m+fp/hard/libc_nano.a(libc_a-reallocr.o)
                0x080084ec                _realloc_r
 .text.memmove  0x08008548       0x34 /Applications/STM32CubeIDE.app/Contents/Eclipse/plugins/com.st.stm32cube.ide.mcu.externaltools.gnu-tools-for-stm32.12.3.rel1.macos64_1.0.100.202403111906/tools/bin/../lib/gcc/arm-none-eabi/12.3.1/../../../../arm-none-eabi/lib/thumb/v7e-m+fp/hard/libc_nano.a(libc_a-memmove.o)
                0x08008548                memmove
 .text._sbrk_r  0x0800857c       0x20 /Applications/STM32CubeIDE.app/Contents/Eclipse/plugins/com.st.stm32cube.ide.mcu.externaltools.gnu-tools-for-stm32.12.3.rel1.macos64_1.0.100.202403111906/tools/bin/../lib/gcc/arm-none-eabi/12.3.1/../../../../arm-none-eabi/lib/thumb/v7e-m+fp/hard/libc_nano.a(libc_a-sbrkr.o)
                0x0800857c                _sbrk_r
 .text.memcpy   0x0800859c       0x1c /Applications/STM32CubeIDE.app/Contents/Eclipse/plugins/com.st.stm32cube.ide.mcu.externaltools.gnu-tools-for-stm32.12.3.rel1.macos64_1.0.100.202403111906/tools/bin/../lib/gcc/arm-none-eabi/12.3.1/../../../../arm-none-eabi/lib/thumb/v7e-m+fp/hard/libc_nano.a(libc_a-memcpy-stub.o)
                0x0800859c                memcpy
 .text._free_r  0x080085b8       0x94 /Applications/STM32CubeIDE.app/Contents/Eclipse/plugins/com.st.stm32cube.ide.mcu.externaltools.gnu-tools-for-stm32.12.3.rel1.macos64_1.0.100.202403111906/tools/bin/../lib/gcc/arm-none-eabi/12.3.1/../../../../arm-none-eabi/lib/thumb/v7e-m+fp/hard/libc_nano.a(libc_a-freer.o)
                0x080085b8                _free_r
 .text._malloc_usable_size_r
                0x0800864c       0x10 /Applications/STM32CubeIDE.app/Contents/Eclipse/plugins/com.st.stm32cube.ide.mcu.externaltools.gnu-tools-for-stm32.12.3.rel1.macos64_1.0.100.202403111906/tools/bin/../lib/gcc/arm-none-eabi/12.3.1/../../../../arm-none-eabi/lib/thumb/v7e-m+fp/hard/libc_nano.a(libc_a-msizer.o)
                0x0800864c                _malloc_usable_size_r
 *(.glue_7)
 .glue_7        0x0800865c        0x0 linker stubs
 *(.glue_7t)
 .glue_7t       0x0800865c        0x0 linker stubs
 *(.eh_frame)
 .eh_frame      0x0800865c        0x0 /Applications/STM32CubeIDE.app/Contents/Eclipse/plugins/com.st.stm32cube.ide.mcu.externaltools.gnu-tools-for-stm32.12.3.rel1.macos64_1.0.100.202403111906/tools/bin/../lib/gcc/arm-none-eabi/12.3.1/thumb/v7e-m+fp/hard/crtbegin.o
 *(.init)
 .init          0x0800865c        0x4 /Applications/STM32CubeIDE.app/Contents/Eclipse/plugins/com.st.stm32cube.ide.mcu.externaltools.gnu-tools-for-stm32.12.3.rel1.macos64_1.0.100.202403111906/tools/bin/../lib/gcc/arm-none-eabi/12.3.1/thumb/v7e-m+fp/hard/crti.o
                0x0800865c                _init
 .init          0x08008660        0x8 /Applications/STM32CubeIDE.app/Contents/Eclipse/plugins/com.st.stm32cube.ide.mcu.externaltools.gnu-tools-for-stm32.12.3.rel1.macos64_1.0.100.202403111906/tools/bin/../lib/gcc/arm-none-eabi/12.3.1/thumb/v7e-m+fp/hard/crtn.o
 *(.fini)
 .fini          0x08008668        0x4 /Applications/STM32CubeIDE.app/Contents/Eclipse/plugins/com.st.stm32cube.ide.mcu.externaltools.gnu-tools-for-stm32.12.3.rel1.macos64_1.0.100.202403111906/tools/bin/../lib/gcc/arm-none-eabi/12.3.1/thumb/v7e-m+fp/hard/crti.o
                0x08008668                _fini
 .fini          0x0800866c        0x8 /Applications/STM32CubeIDE.app/Contents/Eclipse/plugins/com.st.stm32cube.ide.mcu.externaltools.gnu-tools-for-stm32.12.3.rel1.macos64_1.0.100.202403111906/tools/bin/../lib/gcc/arm-none-eabi/12.3.1/thumb/v7e-m+fp/hard/crtn.o
                0x08008674                        . = ALIGN (0x4)
                0x08008674                        _etext = .

.vfp11_veneer   0x08008674        0x0
 .vfp11_veneer  0x08008674        0x0 linker stubs

.v4_bx          0x08008674        0x0
 .v4_bx         0x08008674        0x0 linker stubs

.iplt           0x08008674        0x0
 .iplt          0x08008674        0x0 /Applications/STM32CubeIDE.app/Contents/Eclipse/plugins/com.st.stm32cube.ide.mcu.externaltools.gnu-tools-for-stm32.12.3.rel1.macos64_1.0.100.202403111906/tools/bin/../lib/gcc/arm-none-eabi/12.3.1/thumb/v7e-m+fp/hard/crtbegin.o

.rodata         0x08008674      0x83c
                0x08008674                        . = ALIGN (0x4)
 *(.rodata)
 .rodata        0x08008674      0x368 ./Core/Src/main.o
 .rodata        0x080089dc       0x48 ./Middlewares/Third_Party/FatFs/src/ff.o
 *(.rodata*)
 .rodata.AHBPrescTable
                0x08008a24       0x10 ./Core/Src/system_stm32f4xx.o
                0x08008a24                AHBPrescTable
 .rodata.APBPrescTable
                0x08008a34        0x8 ./Core/Src/system_stm32f4xx.o
                0x08008a34                APBPrescTable
 .rodata.ExCvt  0x08008a3c       0x80 ./Middlewares/Third_Party/FatFs/src/ff.o
 .rodata.LfnOfs
                0x08008abc        0xd ./Middlewares/Third_Party/FatFs/src/ff.o
 *fill*         0x08008ac9        0x3 
 .rodata.Tbl    0x08008acc      0x100 ./Middlewares/Third_Party/FatFs/src/option/ccsbcs.o
 .rodata.cvt1.1
                0x08008bcc      0x1f2 ./Middlewares/Third_Party/FatFs/src/option/ccsbcs.o
 *fill*         0x08008dbe        0x2 
 .rodata.cvt2.0
                0x08008dc0       0xbc ./Middlewares/Third_Party/FatFs/src/option/ccsbcs.o
 .rodata._svfprintf_r.str1.1
                0x08008e7c       0x11 /Applications/STM32CubeIDE.app/Contents/Eclipse/plugins/com.st.stm32cube.ide.mcu.externaltools.gnu-tools-for-stm32.12.3.rel1.macos64_1.0.100.202403111906/tools/bin/../lib/gcc/arm-none-eabi/12.3.1/../../../../arm-none-eabi/lib/thumb/v7e-m+fp/hard/libc_nano.a(libc_a-nano-svfprintf.o)
 .rodata._printf_i.str1.1
                0x08008e8d       0x22 /Applications/STM32CubeIDE.app/Contents/Eclipse/plugins/com.st.stm32cube.ide.mcu.externaltools.gnu-tools-for-stm32.12.3.rel1.macos64_1.0.100.202403111906/tools/bin/../lib/gcc/arm-none-eabi/12.3.1/../../../../arm-none-eabi/lib/thumb/v7e-m+fp/hard/libc_nano.a(libc_a-nano-vfprintf_i.o)
                0x08008eb0                        . = ALIGN (0x4)
 *fill*         0x08008eaf        0x1 

.ARM.extab      0x08008eb0        0x0
                0x08008eb0                        . = ALIGN (0x4)
 *(.ARM.extab* .gnu.linkonce.armextab.*)
                0x08008eb0                        . = ALIGN (0x4)

.ARM            0x08008eb0        0x8
                0x08008eb0                        . = ALIGN (0x4)
                0x08008eb0                        __exidx_start = .
 *(.ARM.exidx*)
 .ARM.exidx     0x08008eb0        0x8 /Applications/STM32CubeIDE.app/Contents/Eclipse/plugins/com.st.stm32cube.ide.mcu.externaltools.gnu-tools-for-stm32.12.3.rel1.macos64_1.0.100.202403111906/tools/bin/../lib/gcc/arm-none-eabi/12.3.1/../../../../arm-none-eabi/lib/thumb/v7e-m+fp/hard/libc_nano.a(libc_a-strlen.o)
 .ARM.exidx     0x08008eb8        0x0 /Applications/STM32CubeIDE.app/Contents/Eclipse/plugins/com.st.stm32cube.ide.mcu.externaltools.gnu-tools-for-stm32.12.3.rel1.macos64_1.0.100.202403111906/tools/bin/../lib/gcc/arm-none-eabi/12.3.1/../../../../arm-none-eabi/lib/thumb/v7e-m+fp/hard/libc_nano.a(libc_a-memchr.o)
                                  0x8 (size before relaxing)
 .ARM.exidx     0x08008eb8        0x0 /Applications/STM32CubeIDE.app/Contents/Eclipse/plugins/com.st.stm32cube.ide.mcu.externaltools.gnu-tools-for-stm32.12.3.rel1.macos64_1.0.100.202403111906/tools/bin/../lib/gcc/arm-none-eabi/12.3.1/thumb/v7e-m+fp/hard/libgcc.a(_udivmoddi4.o)
                                  0x8 (size before relaxing)
                0x08008eb8                        __exidx_end = .
                0x08008eb8                        . = ALIGN (0x4)

.preinit_array  0x08008eb8        0x0
                0x08008eb8                        . = ALIGN (0x4)
                0x08008eb8                        PROVIDE (__preinit_array_start = .)
 *(.preinit_array*)
                0x08008eb8                        PROVIDE (__preinit_array_end = .)
                0x08008eb8                        . = ALIGN (0x4)

.init_array     0x08008eb8        0x4
                0x08008eb8                        . = ALIGN (0x4)
                0x08008eb8                        PROVIDE (__init_array_start = .)
 *(SORT_BY_NAME(.init_array.*))
 *(.init_array*)
 .init_array    0x08008eb8        0x4 /Applications/STM32CubeIDE.app/Contents/Eclipse/plugins/com.st.stm32cube.ide.mcu.externaltools.gnu-tools-for-stm32.12.3.rel1.macos64_1.0.100.202403111906/tools/bin/../lib/gcc/arm-none-eabi/12.3.1/thumb/v7e-m+fp/hard/crtbegin.o
                0x08008ebc                        PROVIDE (__init_array_end = .)
                0x08008ebc                        . = ALIGN (0x4)

.fini_array     0x08008ebc        0x4
                0x08008ebc                        . = ALIGN (0x4)
                [!provide]                        PROVIDE (__fini_array_start = .)
 *(SORT_BY_NAME(.fini_array.*))
 *(.fini_array*)
 .fini_array    0x08008ebc        0x4 /Applications/STM32CubeIDE.app/Contents/Eclipse/plugins/com.st.stm32cube.ide.mcu.externaltools.gnu-tools-for-stm32.12.3.rel1.macos64_1.0.100.202403111906/tools/bin/../lib/gcc/arm-none-eabi/12.3.1/thumb/v7e-m+fp/hard/crtbegin.o
                [!provide]                        PROVIDE (__fini_array_end = .)
                0x08008ec0                        . = ALIGN (0x4)
                0x08008ec0                        _sidata = LOADADDR (.data)

.rel.dyn        0x08008ec0        0x0
 .rel.iplt      0x08008ec0        0x0 /Applications/STM32CubeIDE.app/Contents/Eclipse/plugins/com.st.stm32cube.ide.mcu.externaltools.gnu-tools-for-stm32.12.3.rel1.macos64_1.0.100.202403111906/tools/bin/../lib/gcc/arm-none-eabi/12.3.1/thumb/v7e-m+fp/hard/crtbegin.o

.data           0x20000000       0x74 load address 0x08008ec0
                0x20000000                        . = ALIGN (0x4)
                0x20000000                        _sdata = .
 *(.data)
 *(.data*)
 .data.SystemCoreClock
                0x20000000        0x4 ./Core/Src/system_stm32f4xx.o
                0x20000000                SystemCoreClock
 .data.uwTickPrio
                0x20000004        0x4 ./Drivers/STM32F4xx_HAL_Driver/Src/stm32f4xx_hal.o
                0x20000004                uwTickPrio
 .data.uwTickFreq
                0x20000008        0x1 ./Drivers/STM32F4xx_HAL_Driver/Src/stm32f4xx_hal.o
                0x20000008                uwTickFreq
 *fill*         0x20000009        0x3 
 .data.USER_Driver
                0x2000000c       0x14 ./FATFS/Target/user_diskio.o
                0x2000000c                USER_Driver
 .data.Stat     0x20000020        0x1 ./MIDWARE/FATFS_SD/FATFS_SD.o
 *fill*         0x20000021        0x3 
 .data._impure_ptr
                0x20000024        0x4 /Applications/STM32CubeIDE.app/Contents/Eclipse/plugins/com.st.stm32cube.ide.mcu.externaltools.gnu-tools-for-stm32.12.3.rel1.macos64_1.0.100.202403111906/tools/bin/../lib/gcc/arm-none-eabi/12.3.1/../../../../arm-none-eabi/lib/thumb/v7e-m+fp/hard/libc_nano.a(libc_a-impure.o)
                0x20000024                _impure_ptr
 .data._impure_data
                0x20000028       0x4c /Applications/STM32CubeIDE.app/Contents/Eclipse/plugins/com.st.stm32cube.ide.mcu.externaltools.gnu-tools-for-stm32.12.3.rel1.macos64_1.0.100.202403111906/tools/bin/../lib/gcc/arm-none-eabi/12.3.1/../../../../arm-none-eabi/lib/thumb/v7e-m+fp/hard/libc_nano.a(libc_a-impure.o)
                0x20000028                _impure_data
 *(.RamFunc)
 *(.RamFunc*)
                0x20000074                        . = ALIGN (0x4)
                0x20000074                        _edata = .

.igot.plt       0x20000074        0x0 load address 0x08008f34
 .igot.plt      0x20000074        0x0 /Applications/STM32CubeIDE.app/Contents/Eclipse/plugins/com.st.stm32cube.ide.mcu.externaltools.gnu-tools-for-stm32.12.3.rel1.macos64_1.0.100.202403111906/tools/bin/../lib/gcc/arm-none-eabi/12.3.1/thumb/v7e-m+fp/hard/crtbegin.o
                0x20000074                        . = ALIGN (0x4)

.bss            0x20000074      0x5a4 load address 0x08008f34
                0x20000074                        _sbss = .
                0x20000074                        __bss_start__ = _sbss
 *(.bss)
 .bss           0x20000074       0x1c /Applications/STM32CubeIDE.app/Contents/Eclipse/plugins/com.st.stm32cube.ide.mcu.externaltools.gnu-tools-for-stm32.12.3.rel1.macos64_1.0.100.202403111906/tools/bin/../lib/gcc/arm-none-eabi/12.3.1/thumb/v7e-m+fp/hard/crtbegin.o
 *(.bss*)
 .bss.hspi2     0x20000090       0x58 ./Core/Src/main.o
                0x20000090                hspi2
 .bss.hspi3     0x200000e8       0x58 ./Core/Src/main.o
                0x200000e8                hspi3
 .bss.huart2    0x20000140       0x48 ./Core/Src/main.o
                0x20000140                huart2
 .bss.TxBuffer  0x20000188       0xfa ./Core/Src/main.o
                0x20000188                TxBuffer
 *fill*         0x20000282        0x2 
 .bss.__sbrk_heap_end
                0x20000284        0x4 ./Core/Src/sysmem.o
 .bss.uwTick    0x20000288        0x4 ./Drivers/STM32F4xx_HAL_Driver/Src/stm32f4xx_hal.o
                0x20000288                uwTick
 .bss.retUSER   0x2000028c        0x1 ./FATFS/App/fatfs.o
                0x2000028c                retUSER
 *fill*         0x2000028d        0x3 
 .bss.USERPath  0x20000290        0x4 ./FATFS/App/fatfs.o
                0x20000290                USERPath
 .bss.Timer1    0x20000294        0x2 ./MIDWARE/FATFS_SD/FATFS_SD.o
                0x20000294                Timer1
 .bss.Timer2    0x20000296        0x2 ./MIDWARE/FATFS_SD/FATFS_SD.o
                0x20000296                Timer2
 .bss.CardType  0x20000298        0x1 ./MIDWARE/FATFS_SD/FATFS_SD.o
 .bss.PowerFlag
                0x20000299        0x1 ./MIDWARE/FATFS_SD/FATFS_SD.o
 *fill*         0x2000029a        0x2 
 .bss.FatFs     0x2000029c        0x4 ./Middlewares/Third_Party/FatFs/src/ff.o
 .bss.Fsid      0x200002a0        0x2 ./Middlewares/Third_Party/FatFs/src/ff.o
 *fill*         0x200002a2        0x2 
 .bss.Files     0x200002a4       0x20 ./Middlewares/Third_Party/FatFs/src/ff.o
 .bss.LfnBuf    0x200002c4      0x200 ./Middlewares/Third_Party/FatFs/src/ff.o
 .bss.disk      0x200004c4        0xc ./Middlewares/Third_Party/FatFs/src/ff_gen_drv.o
                0x200004c4                disk
 .bss.__sf      0x200004d0      0x138 /Applications/STM32CubeIDE.app/Contents/Eclipse/plugins/com.st.stm32cube.ide.mcu.externaltools.gnu-tools-for-stm32.12.3.rel1.macos64_1.0.100.202403111906/tools/bin/../lib/gcc/arm-none-eabi/12.3.1/../../../../arm-none-eabi/lib/thumb/v7e-m+fp/hard/libc_nano.a(libc_a-findfp.o)
                0x200004d0                __sf
 .bss.__lock___malloc_recursive_mutex
                0x20000608        0x1 /Applications/STM32CubeIDE.app/Contents/Eclipse/plugins/com.st.stm32cube.ide.mcu.externaltools.gnu-tools-for-stm32.12.3.rel1.macos64_1.0.100.202403111906/tools/bin/../lib/gcc/arm-none-eabi/12.3.1/../../../../arm-none-eabi/lib/thumb/v7e-m+fp/hard/libc_nano.a(libc_a-lock.o)
                0x20000608                __lock___malloc_recursive_mutex
 *fill*         0x20000609        0x3 
 .bss.__malloc_sbrk_start
                0x2000060c        0x4 /Applications/STM32CubeIDE.app/Contents/Eclipse/plugins/com.st.stm32cube.ide.mcu.externaltools.gnu-tools-for-stm32.12.3.rel1.macos64_1.0.100.202403111906/tools/bin/../lib/gcc/arm-none-eabi/12.3.1/../../../../arm-none-eabi/lib/thumb/v7e-m+fp/hard/libc_nano.a(libc_a-mallocr.o)
                0x2000060c                __malloc_sbrk_start
 .bss.__malloc_free_list
                0x20000610        0x4 /Applications/STM32CubeIDE.app/Contents/Eclipse/plugins/com.st.stm32cube.ide.mcu.externaltools.gnu-tools-for-stm32.12.3.rel1.macos64_1.0.100.202403111906/tools/bin/../lib/gcc/arm-none-eabi/12.3.1/../../../../arm-none-eabi/lib/thumb/v7e-m+fp/hard/libc_nano.a(libc_a-mallocr.o)
                0x20000610                __malloc_free_list
 .bss.errno     0x20000614        0x4 /Applications/STM32CubeIDE.app/Contents/Eclipse/plugins/com.st.stm32cube.ide.mcu.externaltools.gnu-tools-for-stm32.12.3.rel1.macos64_1.0.100.202403111906/tools/bin/../lib/gcc/arm-none-eabi/12.3.1/../../../../arm-none-eabi/lib/thumb/v7e-m+fp/hard/libc_nano.a(libc_a-reent.o)
                0x20000614                errno
 *(COMMON)
                0x20000618                        . = ALIGN (0x4)
                0x20000618                        _ebss = .
                0x20000618                        __bss_end__ = _ebss

._user_heap_stack
                0x20000618      0x600 load address 0x08008f34
                0x20000618                        . = ALIGN (0x8)
                [!provide]                        PROVIDE (end = .)
                0x20000618                        PROVIDE (_end = .)
                0x20000818                        . = (. + _Min_Heap_Size)
 *fill*         0x20000618      0x200 
                0x20000c18                        . = (. + _Min_Stack_Size)
 *fill*         0x20000818      0x400 
                0x20000c18                        . = ALIGN (0x8)

/DISCARD/
 libc.a(*)
 libm.a(*)
 libgcc.a(*)

.ARM.attributes
                0x00000000       0x30
 *(.ARM.attributes)
 .ARM.attributes
                0x00000000       0x22 /Applications/STM32CubeIDE.app/Contents/Eclipse/plugins/com.st.stm32cube.ide.mcu.externaltools.gnu-tools-for-stm32.12.3.rel1.macos64_1.0.100.202403111906/tools/bin/../lib/gcc/arm-none-eabi/12.3.1/thumb/v7e-m+fp/hard/crti.o
 .ARM.attributes
                0x00000022       0x34 /Applications/STM32CubeIDE.app/Contents/Eclipse/plugins/com.st.stm32cube.ide.mcu.externaltools.gnu-tools-for-stm32.12.3.rel1.macos64_1.0.100.202403111906/tools/bin/../lib/gcc/arm-none-eabi/12.3.1/thumb/v7e-m+fp/hard/crtbegin.o
 .ARM.attributes
                0x00000056       0x34 ./Core/Src/main.o
 .ARM.attributes
                0x0000008a       0x34 ./Core/Src/stm32f4xx_hal_msp.o
 .ARM.attributes
                0x000000be       0x34 ./Core/Src/stm32f4xx_it.o
 .ARM.attributes
                0x000000f2       0x34 ./Core/Src/sysmem.o
 .ARM.attributes
                0x00000126       0x34 ./Core/Src/system_stm32f4xx.o
 .ARM.attributes
                0x0000015a       0x21 ./Core/Startup/startup_stm32f446retx.o
 .ARM.attributes
                0x0000017b       0x34 ./Drivers/STM32F4xx_HAL_Driver/Src/stm32f4xx_hal.o
 .ARM.attributes
                0x000001af       0x34 ./Drivers/STM32F4xx_HAL_Driver/Src/stm32f4xx_hal_cortex.o
 .ARM.attributes
                0x000001e3       0x34 ./Drivers/STM32F4xx_HAL_Driver/Src/stm32f4xx_hal_gpio.o
 .ARM.attributes
                0x00000217       0x34 ./Drivers/STM32F4xx_HAL_Driver/Src/stm32f4xx_hal_rcc.o
 .ARM.attributes
                0x0000024b       0x34 ./Drivers/STM32F4xx_HAL_Driver/Src/stm32f4xx_hal_rcc_ex.o
 .ARM.attributes
                0x0000027f       0x34 ./Drivers/STM32F4xx_HAL_Driver/Src/stm32f4xx_hal_spi.o
 .ARM.attributes
                0x000002b3       0x34 ./Drivers/STM32F4xx_HAL_Driver/Src/stm32f4xx_hal_uart.o
 .ARM.attributes
                0x000002e7       0x34 ./FATFS/App/fatfs.o
 .ARM.attributes
                0x0000031b       0x34 ./FATFS/Target/user_diskio.o
 .ARM.attributes
                0x0000034f       0x34 ./MIDWARE/FATFS_SD/FATFS_SD.o
 .ARM.attributes
                0x00000383       0x34 ./Middlewares/Third_Party/FatFs/src/diskio.o
 .ARM.attributes
                0x000003b7       0x34 ./Middlewares/Third_Party/FatFs/src/ff.o
 .ARM.attributes
                0x000003eb       0x34 ./Middlewares/Third_Party/FatFs/src/ff_gen_drv.o
 .ARM.attributes
                0x0000041f       0x34 ./Middlewares/Third_Party/FatFs/src/option/ccsbcs.o
 .ARM.attributes
                0x00000453       0x34 /Applications/STM32CubeIDE.app/Contents/Eclipse/plugins/com.st.stm32cube.ide.mcu.externaltools.gnu-tools-for-stm32.12.3.rel1.macos64_1.0.100.202403111906/tools/bin/../lib/gcc/arm-none-eabi/12.3.1/../../../../arm-none-eabi/lib/thumb/v7e-m+fp/hard/libc_nano.a(libc_a-sprintf.o)
 .ARM.attributes
                0x00000487       0x34 /Applications/STM32CubeIDE.app/Contents/Eclipse/plugins/com.st.stm32cube.ide.mcu.externaltools.gnu-tools-for-stm32.12.3.rel1.macos64_1.0.100.202403111906/tools/bin/../lib/gcc/arm-none-eabi/12.3.1/../../../../arm-none-eabi/lib/thumb/v7e-m+fp/hard/libc_nano.a(libc_a-findfp.o)
 .ARM.attributes
                0x000004bb       0x34 /Applications/STM32CubeIDE.app/Contents/Eclipse/plugins/com.st.stm32cube.ide.mcu.externaltools.gnu-tools-for-stm32.12.3.rel1.macos64_1.0.100.202403111906/tools/bin/../lib/gcc/arm-none-eabi/12.3.1/../../../../arm-none-eabi/lib/thumb/v7e-m+fp/hard/libc_nano.a(libc_a-memset.o)
 .ARM.attributes
                0x000004ef       0x34 /Applications/STM32CubeIDE.app/Contents/Eclipse/plugins/com.st.stm32cube.ide.mcu.externaltools.gnu-tools-for-stm32.12.3.rel1.macos64_1.0.100.202403111906/tools/bin/../lib/gcc/arm-none-eabi/12.3.1/../../../../arm-none-eabi/lib/thumb/v7e-m+fp/hard/libc_nano.a(libc_a-impure.o)
 .ARM.attributes
                0x00000523       0x34 /Applications/STM32CubeIDE.app/Contents/Eclipse/plugins/com.st.stm32cube.ide.mcu.externaltools.gnu-tools-for-stm32.12.3.rel1.macos64_1.0.100.202403111906/tools/bin/../lib/gcc/arm-none-eabi/12.3.1/../../../../arm-none-eabi/lib/thumb/v7e-m+fp/hard/libc_nano.a(libc_a-errno.o)
 .ARM.attributes
                0x00000557       0x34 /Applications/STM32CubeIDE.app/Contents/Eclipse/plugins/com.st.stm32cube.ide.mcu.externaltools.gnu-tools-for-stm32.12.3.rel1.macos64_1.0.100.202403111906/tools/bin/../lib/gcc/arm-none-eabi/12.3.1/../../../../arm-none-eabi/lib/thumb/v7e-m+fp/hard/libc_nano.a(libc_a-init.o)
 .ARM.attributes
                0x0000058b       0x34 /Applications/STM32CubeIDE.app/Contents/Eclipse/plugins/com.st.stm32cube.ide.mcu.externaltools.gnu-tools-for-stm32.12.3.rel1.macos64_1.0.100.202403111906/tools/bin/../lib/gcc/arm-none-eabi/12.3.1/../../../../arm-none-eabi/lib/thumb/v7e-m+fp/hard/libc_nano.a(libc_a-lock.o)
 .ARM.attributes
                0x000005bf       0x17 /Applications/STM32CubeIDE.app/Contents/Eclipse/plugins/com.st.stm32cube.ide.mcu.externaltools.gnu-tools-for-stm32.12.3.rel1.macos64_1.0.100.202403111906/tools/bin/../lib/gcc/arm-none-eabi/12.3.1/../../../../arm-none-eabi/lib/thumb/v7e-m+fp/hard/libc_nano.a(libc_a-strlen.o)
 .ARM.attributes
                0x000005d6       0x34 /Applications/STM32CubeIDE.app/Contents/Eclipse/plugins/com.st.stm32cube.ide.mcu.externaltools.gnu-tools-for-stm32.12.3.rel1.macos64_1.0.100.202403111906/tools/bin/../lib/gcc/arm-none-eabi/12.3.1/../../../../arm-none-eabi/lib/thumb/v7e-m+fp/hard/libc_nano.a(libc_a-nano-svfprintf.o)
 .ARM.attributes
                0x0000060a       0x34 /Applications/STM32CubeIDE.app/Contents/Eclipse/plugins/com.st.stm32cube.ide.mcu.externaltools.gnu-tools-for-stm32.12.3.rel1.macos64_1.0.100.202403111906/tools/bin/../lib/gcc/arm-none-eabi/12.3.1/../../../../arm-none-eabi/lib/thumb/v7e-m+fp/hard/libc_nano.a(libc_a-mallocr.o)
 .ARM.attributes
                0x0000063e       0x34 /Applications/STM32CubeIDE.app/Contents/Eclipse/plugins/com.st.stm32cube.ide.mcu.externaltools.gnu-tools-for-stm32.12.3.rel1.macos64_1.0.100.202403111906/tools/bin/../lib/gcc/arm-none-eabi/12.3.1/../../../../arm-none-eabi/lib/thumb/v7e-m+fp/hard/libc_nano.a(libc_a-nano-vfprintf_i.o)
 .ARM.attributes
                0x00000672       0x34 /Applications/STM32CubeIDE.app/Contents/Eclipse/plugins/com.st.stm32cube.ide.mcu.externaltools.gnu-tools-for-stm32.12.3.rel1.macos64_1.0.100.202403111906/tools/bin/../lib/gcc/arm-none-eabi/12.3.1/../../../../arm-none-eabi/lib/thumb/v7e-m+fp/hard/libc_nano.a(libc_a-mlock.o)
 .ARM.attributes
                0x000006a6       0x34 /Applications/STM32CubeIDE.app/Contents/Eclipse/plugins/com.st.stm32cube.ide.mcu.externaltools.gnu-tools-for-stm32.12.3.rel1.macos64_1.0.100.202403111906/tools/bin/../lib/gcc/arm-none-eabi/12.3.1/../../../../arm-none-eabi/lib/thumb/v7e-m+fp/hard/libc_nano.a(libc_a-reallocr.o)
 .ARM.attributes
                0x000006da       0x34 /Applications/STM32CubeIDE.app/Contents/Eclipse/plugins/com.st.stm32cube.ide.mcu.externaltools.gnu-tools-for-stm32.12.3.rel1.macos64_1.0.100.202403111906/tools/bin/../lib/gcc/arm-none-eabi/12.3.1/../../../../arm-none-eabi/lib/thumb/v7e-m+fp/hard/libc_nano.a(libc_a-memmove.o)
 .ARM.attributes
                0x0000070e       0x34 /Applications/STM32CubeIDE.app/Contents/Eclipse/plugins/com.st.stm32cube.ide.mcu.externaltools.gnu-tools-for-stm32.12.3.rel1.macos64_1.0.100.202403111906/tools/bin/../lib/gcc/arm-none-eabi/12.3.1/../../../../arm-none-eabi/lib/thumb/v7e-m+fp/hard/libc_nano.a(libc_a-reent.o)
 .ARM.attributes
                0x00000742       0x34 /Applications/STM32CubeIDE.app/Contents/Eclipse/plugins/com.st.stm32cube.ide.mcu.externaltools.gnu-tools-for-stm32.12.3.rel1.macos64_1.0.100.202403111906/tools/bin/../lib/gcc/arm-none-eabi/12.3.1/../../../../arm-none-eabi/lib/thumb/v7e-m+fp/hard/libc_nano.a(libc_a-sbrkr.o)
 .ARM.attributes
                0x00000776       0x1c /Applications/STM32CubeIDE.app/Contents/Eclipse/plugins/com.st.stm32cube.ide.mcu.externaltools.gnu-tools-for-stm32.12.3.rel1.macos64_1.0.100.202403111906/tools/bin/../lib/gcc/arm-none-eabi/12.3.1/../../../../arm-none-eabi/lib/thumb/v7e-m+fp/hard/libc_nano.a(libc_a-memchr.o)
 .ARM.attributes
                0x00000792       0x34 /Applications/STM32CubeIDE.app/Contents/Eclipse/plugins/com.st.stm32cube.ide.mcu.externaltools.gnu-tools-for-stm32.12.3.rel1.macos64_1.0.100.202403111906/tools/bin/../lib/gcc/arm-none-eabi/12.3.1/../../../../arm-none-eabi/lib/thumb/v7e-m+fp/hard/libc_nano.a(libc_a-memcpy-stub.o)
 .ARM.attributes
                0x000007c6       0x34 /Applications/STM32CubeIDE.app/Contents/Eclipse/plugins/com.st.stm32cube.ide.mcu.externaltools.gnu-tools-for-stm32.12.3.rel1.macos64_1.0.100.202403111906/tools/bin/../lib/gcc/arm-none-eabi/12.3.1/../../../../arm-none-eabi/lib/thumb/v7e-m+fp/hard/libc_nano.a(libc_a-freer.o)
 .ARM.attributes
                0x000007fa       0x34 /Applications/STM32CubeIDE.app/Contents/Eclipse/plugins/com.st.stm32cube.ide.mcu.externaltools.gnu-tools-for-stm32.12.3.rel1.macos64_1.0.100.202403111906/tools/bin/../lib/gcc/arm-none-eabi/12.3.1/../../../../arm-none-eabi/lib/thumb/v7e-m+fp/hard/libc_nano.a(libc_a-msizer.o)
 .ARM.attributes
                0x0000082e       0x22 /Applications/STM32CubeIDE.app/Contents/Eclipse/plugins/com.st.stm32cube.ide.mcu.externaltools.gnu-tools-for-stm32.12.3.rel1.macos64_1.0.100.202403111906/tools/bin/../lib/gcc/arm-none-eabi/12.3.1/thumb/v7e-m+fp/hard/libgcc.a(_arm_muldf3.o)
 .ARM.attributes
                0x00000850       0x22 /Applications/STM32CubeIDE.app/Contents/Eclipse/plugins/com.st.stm32cube.ide.mcu.externaltools.gnu-tools-for-stm32.12.3.rel1.macos64_1.0.100.202403111906/tools/bin/../lib/gcc/arm-none-eabi/12.3.1/thumb/v7e-m+fp/hard/libgcc.a(_arm_addsubdf3.o)
 .ARM.attributes
                0x00000872       0x22 /Applications/STM32CubeIDE.app/Contents/Eclipse/plugins/com.st.stm32cube.ide.mcu.externaltools.gnu-tools-for-stm32.12.3.rel1.macos64_1.0.100.202403111906/tools/bin/../lib/gcc/arm-none-eabi/12.3.1/thumb/v7e-m+fp/hard/libgcc.a(_arm_fixunsdfsi.o)
 .ARM.attributes
                0x00000894       0x22 /Applications/STM32CubeIDE.app/Contents/Eclipse/plugins/com.st.stm32cube.ide.mcu.externaltools.gnu-tools-for-stm32.12.3.rel1.macos64_1.0.100.202403111906/tools/bin/../lib/gcc/arm-none-eabi/12.3.1/thumb/v7e-m+fp/hard/libgcc.a(_aeabi_uldivmod.o)
 .ARM.attributes
                0x000008b6       0x34 /Applications/STM32CubeIDE.app/Contents/Eclipse/plugins/com.st.stm32cube.ide.mcu.externaltools.gnu-tools-for-stm32.12.3.rel1.macos64_1.0.100.202403111906/tools/bin/../lib/gcc/arm-none-eabi/12.3.1/thumb/v7e-m+fp/hard/libgcc.a(_udivmoddi4.o)
 .ARM.attributes
                0x000008ea       0x22 /Applications/STM32CubeIDE.app/Contents/Eclipse/plugins/com.st.stm32cube.ide.mcu.externaltools.gnu-tools-for-stm32.12.3.rel1.macos64_1.0.100.202403111906/tools/bin/../lib/gcc/arm-none-eabi/12.3.1/thumb/v7e-m+fp/hard/libgcc.a(_dvmd_tls.o)
 .ARM.attributes
                0x0000090c       0x22 /Applications/STM32CubeIDE.app/Contents/Eclipse/plugins/com.st.stm32cube.ide.mcu.externaltools.gnu-tools-for-stm32.12.3.rel1.macos64_1.0.100.202403111906/tools/bin/../lib/gcc/arm-none-eabi/12.3.1/thumb/v7e-m+fp/hard/crtn.o
OUTPUT(kerplunk2.elf elf32-littlearm)
LOAD linker stubs
LOAD /Applications/STM32CubeIDE.app/Contents/Eclipse/plugins/com.st.stm32cube.ide.mcu.externaltools.gnu-tools-for-stm32.12.3.rel1.macos64_1.0.100.202403111906/tools/bin/../lib/gcc/arm-none-eabi/12.3.1/../../../../arm-none-eabi/lib/thumb/v7e-m+fp/hard/libc.a
LOAD /Applications/STM32CubeIDE.app/Contents/Eclipse/plugins/com.st.stm32cube.ide.mcu.externaltools.gnu-tools-for-stm32.12.3.rel1.macos64_1.0.100.202403111906/tools/bin/../lib/gcc/arm-none-eabi/12.3.1/../../../../arm-none-eabi/lib/thumb/v7e-m+fp/hard/libm.a
LOAD /Applications/STM32CubeIDE.app/Contents/Eclipse/plugins/com.st.stm32cube.ide.mcu.externaltools.gnu-tools-for-stm32.12.3.rel1.macos64_1.0.100.202403111906/tools/bin/../lib/gcc/arm-none-eabi/12.3.1/thumb/v7e-m+fp/hard/libgcc.a

.debug_info     0x00000000     0xe30c
 .debug_info    0x00000000     0x14dc ./Core/Src/main.o
 .debug_info    0x000014dc      0xc91 ./Core/Src/stm32f4xx_hal_msp.o
 .debug_info    0x0000216d      0x13e ./Core/Src/stm32f4xx_it.o
 .debug_info    0x000022ab      0x168 ./Core/Src/sysmem.o
 .debug_info    0x00002413      0x54a ./Core/Src/system_stm32f4xx.o
 .debug_info    0x0000295d       0x30 ./Core/Startup/startup_stm32f446retx.o
 .debug_info    0x0000298d      0x99a ./Drivers/STM32F4xx_HAL_Driver/Src/stm32f4xx_hal.o
 .debug_info    0x00003327      0xd75 ./Drivers/STM32F4xx_HAL_Driver/Src/stm32f4xx_hal_cortex.o
 .debug_info    0x0000409c      0x70b ./Drivers/STM32F4xx_HAL_Driver/Src/stm32f4xx_hal_gpio.o
 .debug_info    0x000047a7      0x8ed ./Drivers/STM32F4xx_HAL_Driver/Src/stm32f4xx_hal_rcc.o
 .debug_info    0x00005094      0x956 ./Drivers/STM32F4xx_HAL_Driver/Src/stm32f4xx_hal_rcc_ex.o
 .debug_info    0x000059ea     0x15fb ./Drivers/STM32F4xx_HAL_Driver/Src/stm32f4xx_hal_spi.o
 .debug_info    0x00006fe5     0x2f4f ./Drivers/STM32F4xx_HAL_Driver/Src/stm32f4xx_hal_uart.o
 .debug_info    0x00009f34      0x508 ./FATFS/App/fatfs.o
 .debug_info    0x0000a43c      0x3a5 ./FATFS/Target/user_diskio.o
 .debug_info    0x0000a7e1      0xc25 ./MIDWARE/FATFS_SD/FATFS_SD.o
 .debug_info    0x0000b406      0x3df ./Middlewares/Third_Party/FatFs/src/diskio.o
 .debug_info    0x0000b7e5     0x25ef ./Middlewares/Third_Party/FatFs/src/ff.o
 .debug_info    0x0000ddd4      0x37f ./Middlewares/Third_Party/FatFs/src/ff_gen_drv.o
 .debug_info    0x0000e153      0x1b9 ./Middlewares/Third_Party/FatFs/src/option/ccsbcs.o

.debug_abbrev   0x00000000     0x24ec
 .debug_abbrev  0x00000000      0x2f3 ./Core/Src/main.o
 .debug_abbrev  0x000002f3      0x1ef ./Core/Src/stm32f4xx_hal_msp.o
 .debug_abbrev  0x000004e2       0x97 ./Core/Src/stm32f4xx_it.o
 .debug_abbrev  0x00000579       0xbc ./Core/Src/sysmem.o
 .debug_abbrev  0x00000635      0x11a ./Core/Src/system_stm32f4xx.o
 .debug_abbrev  0x0000074f       0x24 ./Core/Startup/startup_stm32f446retx.o
 .debug_abbrev  0x00000773      0x214 ./Drivers/STM32F4xx_HAL_Driver/Src/stm32f4xx_hal.o
 .debug_abbrev  0x00000987      0x328 ./Drivers/STM32F4xx_HAL_Driver/Src/stm32f4xx_hal_cortex.o
 .debug_abbrev  0x00000caf      0x1d4 ./Drivers/STM32F4xx_HAL_Driver/Src/stm32f4xx_hal_gpio.o
 .debug_abbrev  0x00000e83      0x2b6 ./Drivers/STM32F4xx_HAL_Driver/Src/stm32f4xx_hal_rcc.o
 .debug_abbrev  0x00001139      0x20a ./Drivers/STM32F4xx_HAL_Driver/Src/stm32f4xx_hal_rcc_ex.o
 .debug_abbrev  0x00001343      0x284 ./Drivers/STM32F4xx_HAL_Driver/Src/stm32f4xx_hal_spi.o
 .debug_abbrev  0x000015c7      0x30e ./Drivers/STM32F4xx_HAL_Driver/Src/stm32f4xx_hal_uart.o
 .debug_abbrev  0x000018d5      0x15e ./FATFS/App/fatfs.o
 .debug_abbrev  0x00001a33      0x144 ./FATFS/Target/user_diskio.o
 .debug_abbrev  0x00001b77      0x2ed ./MIDWARE/FATFS_SD/FATFS_SD.o
 .debug_abbrev  0x00001e64      0x181 ./Middlewares/Third_Party/FatFs/src/diskio.o
 .debug_abbrev  0x00001fe5      0x28a ./Middlewares/Third_Party/FatFs/src/ff.o
 .debug_abbrev  0x0000226f      0x19f ./Middlewares/Third_Party/FatFs/src/ff_gen_drv.o
 .debug_abbrev  0x0000240e       0xde ./Middlewares/Third_Party/FatFs/src/option/ccsbcs.o

.debug_aranges  0x00000000      0xca0
 .debug_aranges
                0x00000000       0x60 ./Core/Src/main.o
 .debug_aranges
                0x00000060       0x40 ./Core/Src/stm32f4xx_hal_msp.o
 .debug_aranges
                0x000000a0       0x60 ./Core/Src/stm32f4xx_it.o
 .debug_aranges
                0x00000100       0x20 ./Core/Src/sysmem.o
 .debug_aranges
                0x00000120       0x28 ./Core/Src/system_stm32f4xx.o
 .debug_aranges
                0x00000148       0x28 ./Core/Startup/startup_stm32f446retx.o
 .debug_aranges
                0x00000170       0xf0 ./Drivers/STM32F4xx_HAL_Driver/Src/stm32f4xx_hal.o
 .debug_aranges
                0x00000260      0x120 ./Drivers/STM32F4xx_HAL_Driver/Src/stm32f4xx_hal_cortex.o
 .debug_aranges
                0x00000380       0x58 ./Drivers/STM32F4xx_HAL_Driver/Src/stm32f4xx_hal_gpio.o
 .debug_aranges
                0x000003d8       0x88 ./Drivers/STM32F4xx_HAL_Driver/Src/stm32f4xx_hal_rcc.o
 .debug_aranges
                0x00000460       0x78 ./Drivers/STM32F4xx_HAL_Driver/Src/stm32f4xx_hal_rcc_ex.o
 .debug_aranges
                0x000004d8      0x1d0 ./Drivers/STM32F4xx_HAL_Driver/Src/stm32f4xx_hal_spi.o
 .debug_aranges
                0x000006a8      0x208 ./Drivers/STM32F4xx_HAL_Driver/Src/stm32f4xx_hal_uart.o
 .debug_aranges
                0x000008b0       0x28 ./FATFS/App/fatfs.o
 .debug_aranges
                0x000008d8       0x40 ./FATFS/Target/user_diskio.o
 .debug_aranges
                0x00000918       0xa8 ./MIDWARE/FATFS_SD/FATFS_SD.o
 .debug_aranges
                0x000009c0       0x48 ./Middlewares/Third_Party/FatFs/src/diskio.o
 .debug_aranges
                0x00000a08      0x230 ./Middlewares/Third_Party/FatFs/src/ff.o
 .debug_aranges
                0x00000c38       0x40 ./Middlewares/Third_Party/FatFs/src/ff_gen_drv.o
 .debug_aranges
                0x00000c78       0x28 ./Middlewares/Third_Party/FatFs/src/option/ccsbcs.o

.debug_rnglists
                0x00000000      0x9ae
 .debug_rnglists
                0x00000000       0x46 ./Core/Src/main.o
 .debug_rnglists
                0x00000046       0x2d ./Core/Src/stm32f4xx_hal_msp.o
 .debug_rnglists
                0x00000073       0x43 ./Core/Src/stm32f4xx_it.o
 .debug_rnglists
                0x000000b6       0x13 ./Core/Src/sysmem.o
 .debug_rnglists
                0x000000c9       0x1a ./Core/Src/system_stm32f4xx.o
 .debug_rnglists
                0x000000e3       0x19 ./Core/Startup/startup_stm32f446retx.o
 .debug_rnglists
                0x000000fc       0xaf ./Drivers/STM32F4xx_HAL_Driver/Src/stm32f4xx_hal.o
 .debug_rnglists
                0x000001ab       0xd4 ./Drivers/STM32F4xx_HAL_Driver/Src/stm32f4xx_hal_cortex.o
 .debug_rnglists
                0x0000027f       0x3f ./Drivers/STM32F4xx_HAL_Driver/Src/stm32f4xx_hal_gpio.o
 .debug_rnglists
                0x000002be       0x66 ./Drivers/STM32F4xx_HAL_Driver/Src/stm32f4xx_hal_rcc.o
 .debug_rnglists
                0x00000324       0x5e ./Drivers/STM32F4xx_HAL_Driver/Src/stm32f4xx_hal_rcc_ex.o
 .debug_rnglists
                0x00000382      0x16f ./Drivers/STM32F4xx_HAL_Driver/Src/stm32f4xx_hal_spi.o
 .debug_rnglists
                0x000004f1      0x1bc ./Drivers/STM32F4xx_HAL_Driver/Src/stm32f4xx_hal_uart.o
 .debug_rnglists
                0x000006ad       0x19 ./FATFS/App/fatfs.o
 .debug_rnglists
                0x000006c6       0x2b ./FATFS/Target/user_diskio.o
 .debug_rnglists
                0x000006f1       0x80 ./MIDWARE/FATFS_SD/FATFS_SD.o
 .debug_rnglists
                0x00000771       0x31 ./Middlewares/Third_Party/FatFs/src/diskio.o
 .debug_rnglists
                0x000007a2      0x1c6 ./Middlewares/Third_Party/FatFs/src/ff.o
 .debug_rnglists
                0x00000968       0x2c ./Middlewares/Third_Party/FatFs/src/ff_gen_drv.o
 .debug_rnglists
                0x00000994       0x1a ./Middlewares/Third_Party/FatFs/src/option/ccsbcs.o

.debug_macro    0x00000000    0x231c7
 .debug_macro   0x00000000      0x35f ./Core/Src/main.o
 .debug_macro   0x0000035f      0xab4 ./Core/Src/main.o
 .debug_macro   0x00000e13      0x29b ./Core/Src/main.o
 .debug_macro   0x000010ae       0x2e ./Core/Src/main.o
 .debug_macro   0x000010dc       0x28 ./Core/Src/main.o
 .debug_macro   0x00001104       0x22 ./Core/Src/main.o
 .debug_macro   0x00001126       0x8e ./Core/Src/main.o
 .debug_macro   0x000011b4       0x51 ./Core/Src/main.o
 .debug_macro   0x00001205      0x103 ./Core/Src/main.o
 .debug_macro   0x00001308       0x6a ./Core/Src/main.o
 .debug_macro   0x00001372      0x1df ./Core/Src/main.o
 .debug_macro   0x00001551       0x1c ./Core/Src/main.o
 .debug_macro   0x0000156d       0x22 ./Core/Src/main.o
 .debug_macro   0x0000158f       0xfb ./Core/Src/main.o
 .debug_macro   0x0000168a     0x1011 ./Core/Src/main.o
 .debug_macro   0x0000269b      0x11f ./Core/Src/main.o
 .debug_macro   0x000027ba    0x16749 ./Core/Src/main.o
 .debug_macro   0x00018f03       0x6d ./Core/Src/main.o
 .debug_macro   0x00018f70     0x368c ./Core/Src/main.o
 .debug_macro   0x0001c5fc      0x189 ./Core/Src/main.o
 .debug_macro   0x0001c785       0x5c ./Core/Src/main.o
 .debug_macro   0x0001c7e1      0xca5 ./Core/Src/main.o
 .debug_macro   0x0001d486      0x9e9 ./Core/Src/main.o
 .debug_macro   0x0001de6f      0x115 ./Core/Src/main.o
 .debug_macro   0x0001df84      0x1a0 ./Core/Src/main.o
 .debug_macro   0x0001e124       0xa5 ./Core/Src/main.o
 .debug_macro   0x0001e1c9      0x16d ./Core/Src/main.o
 .debug_macro   0x0001e336      0x287 ./Core/Src/main.o
 .debug_macro   0x0001e5bd       0x5f ./Core/Src/main.o
 .debug_macro   0x0001e61c      0x236 ./Core/Src/main.o
 .debug_macro   0x0001e852      0x132 ./Core/Src/main.o
 .debug_macro   0x0001e984      0x29c ./Core/Src/main.o
 .debug_macro   0x0001ec20       0x2e ./Core/Src/main.o
 .debug_macro   0x0001ec4e      0x127 ./Core/Src/main.o
 .debug_macro   0x0001ed75       0xe8 ./Core/Src/main.o
 .debug_macro   0x0001ee5d       0x89 ./Core/Src/main.o
 .debug_macro   0x0001eee6      0x225 ./Core/Src/main.o
 .debug_macro   0x0001f10b      0x2aa ./Core/Src/main.o
 .debug_macro   0x0001f3b5      0x126 ./Core/Src/main.o
 .debug_macro   0x0001f4db       0x58 ./Core/Src/main.o
 .debug_macro   0x0001f533       0xeb ./Core/Src/main.o
 .debug_macro   0x0001f61e       0x2a ./Core/Src/main.o
 .debug_macro   0x0001f648       0x61 ./Core/Src/main.o
 .debug_macro   0x0001f6a9       0x43 ./Core/Src/main.o
 .debug_macro   0x0001f6ec       0x34 ./Core/Src/main.o
 .debug_macro   0x0001f720       0x16 ./Core/Src/main.o
 .debug_macro   0x0001f736       0x35 ./Core/Src/main.o
 .debug_macro   0x0001f76b       0x16 ./Core/Src/main.o
 .debug_macro   0x0001f781       0x43 ./Core/Src/main.o
 .debug_macro   0x0001f7c4       0x34 ./Core/Src/main.o
 .debug_macro   0x0001f7f8       0x10 ./Core/Src/main.o
 .debug_macro   0x0001f808       0x58 ./Core/Src/main.o
 .debug_macro   0x0001f860       0x8e ./Core/Src/main.o
 .debug_macro   0x0001f8ee       0x1c ./Core/Src/main.o
 .debug_macro   0x0001f90a      0x177 ./Core/Src/main.o
 .debug_macro   0x0001fa81      0x369 ./Core/Src/main.o
 .debug_macro   0x0001fdea       0x16 ./Core/Src/main.o
 .debug_macro   0x0001fe00       0x29 ./Core/Src/main.o
 .debug_macro   0x0001fe29       0x12 ./Core/Src/main.o
 .debug_macro   0x0001fe3b       0xe2 ./Core/Src/main.o
 .debug_macro   0x0001ff1d       0x8e ./Core/Src/main.o
 .debug_macro   0x0001ffab       0x22 ./Core/Src/main.o
 .debug_macro   0x0001ffcd       0x1c ./Core/Src/main.o
 .debug_macro   0x0001ffe9       0x10 ./Core/Src/main.o
 .debug_macro   0x0001fff9       0x1c ./Core/Src/main.o
 .debug_macro   0x00020015       0x16 ./Core/Src/main.o
 .debug_macro   0x0002002b      0x146 ./Core/Src/main.o
 .debug_macro   0x00020171       0x16 ./Core/Src/main.o
 .debug_macro   0x00020187       0x20 ./Core/Src/main.o
 .debug_macro   0x000201a7      0x1d3 ./Core/Src/stm32f4xx_hal_msp.o
 .debug_macro   0x0002037a      0x1dd ./Core/Src/stm32f4xx_it.o
 .debug_macro   0x00020557       0xff ./Core/Src/sysmem.o
 .debug_macro   0x00020656      0x23c ./Core/Src/sysmem.o
 .debug_macro   0x00020892      0x1c4 ./Core/Src/system_stm32f4xx.o
 .debug_macro   0x00020a56      0x224 ./Drivers/STM32F4xx_HAL_Driver/Src/stm32f4xx_hal.o
 .debug_macro   0x00020c7a      0x1c4 ./Drivers/STM32F4xx_HAL_Driver/Src/stm32f4xx_hal_cortex.o
 .debug_macro   0x00020e3e      0x1ca ./Drivers/STM32F4xx_HAL_Driver/Src/stm32f4xx_hal_gpio.o
 .debug_macro   0x00021008      0x1e8 ./Drivers/STM32F4xx_HAL_Driver/Src/stm32f4xx_hal_rcc.o
 .debug_macro   0x000211f0      0x1c4 ./Drivers/STM32F4xx_HAL_Driver/Src/stm32f4xx_hal_rcc_ex.o
 .debug_macro   0x000213b4      0x1d3 ./Drivers/STM32F4xx_HAL_Driver/Src/stm32f4xx_hal_spi.o
 .debug_macro   0x00021587      0x1c5 ./Drivers/STM32F4xx_HAL_Driver/Src/stm32f4xx_hal_uart.o
 .debug_macro   0x0002174c      0x2f8 ./FATFS/App/fatfs.o
 .debug_macro   0x00021a44       0xe5 ./FATFS/App/fatfs.o
 .debug_macro   0x00021b29      0x31e ./FATFS/Target/user_diskio.o
 .debug_macro   0x00021e47       0x10 ./FATFS/Target/user_diskio.o
 .debug_macro   0x00021e57       0x16 ./FATFS/Target/user_diskio.o
 .debug_macro   0x00021e6d       0x7c ./FATFS/Target/user_diskio.o
 .debug_macro   0x00021ee9       0x56 ./FATFS/Target/user_diskio.o
 .debug_macro   0x00021f3f       0x9a ./FATFS/Target/user_diskio.o
 .debug_macro   0x00021fd9      0x206 ./MIDWARE/FATFS_SD/FATFS_SD.o
 .debug_macro   0x000221df      0x2e5 ./Middlewares/Third_Party/FatFs/src/diskio.o
 .debug_macro   0x000224c4      0x6f3 ./Middlewares/Third_Party/FatFs/src/ff.o
 .debug_macro   0x00022bb7       0x58 ./Middlewares/Third_Party/FatFs/src/ff.o
 .debug_macro   0x00022c0f      0x2e5 ./Middlewares/Third_Party/FatFs/src/ff_gen_drv.o
 .debug_macro   0x00022ef4      0x2d3 ./Middlewares/Third_Party/FatFs/src/option/ccsbcs.o

.debug_line     0x00000000    0x12872
 .debug_line    0x00000000      0xb59 ./Core/Src/main.o
 .debug_line    0x00000b59      0x7ba ./Core/Src/stm32f4xx_hal_msp.o
 .debug_line    0x00001313      0x79e ./Core/Src/stm32f4xx_it.o
 .debug_line    0x00001ab1      0x51c ./Core/Src/sysmem.o
 .debug_line    0x00001fcd      0x74e ./Core/Src/system_stm32f4xx.o
 .debug_line    0x0000271b       0x7a ./Core/Startup/startup_stm32f446retx.o
 .debug_line    0x00002795      0x9b7 ./Drivers/STM32F4xx_HAL_Driver/Src/stm32f4xx_hal.o
 .debug_line    0x0000314c      0xc7f ./Drivers/STM32F4xx_HAL_Driver/Src/stm32f4xx_hal_cortex.o
 .debug_line    0x00003dcb      0xb2f ./Drivers/STM32F4xx_HAL_Driver/Src/stm32f4xx_hal_gpio.o
 .debug_line    0x000048fa      0xd36 ./Drivers/STM32F4xx_HAL_Driver/Src/stm32f4xx_hal_rcc.o
 .debug_line    0x00005630     0x13d5 ./Drivers/STM32F4xx_HAL_Driver/Src/stm32f4xx_hal_rcc_ex.o
 .debug_line    0x00006a05     0x1cb2 ./Drivers/STM32F4xx_HAL_Driver/Src/stm32f4xx_hal_spi.o
 .debug_line    0x000086b7     0x2889 ./Drivers/STM32F4xx_HAL_Driver/Src/stm32f4xx_hal_uart.o
 .debug_line    0x0000af40      0x8be ./FATFS/App/fatfs.o
 .debug_line    0x0000b7fe      0x949 ./FATFS/Target/user_diskio.o
 .debug_line    0x0000c147      0xde4 ./MIDWARE/FATFS_SD/FATFS_SD.o
 .debug_line    0x0000cf2b      0x930 ./Middlewares/Third_Party/FatFs/src/diskio.o
 .debug_line    0x0000d85b     0x3d3f ./Middlewares/Third_Party/FatFs/src/ff.o
 .debug_line    0x0001159a      0x94b ./Middlewares/Third_Party/FatFs/src/ff_gen_drv.o
 .debug_line    0x00011ee5      0x98d ./Middlewares/Third_Party/FatFs/src/option/ccsbcs.o

.debug_str      0x00000000    0xcc03a
 .debug_str     0x00000000    0xc82bc ./Core/Src/main.o
                              0xc8622 (size before relaxing)
 .debug_str     0x000c82bc       0xaa ./Core/Src/stm32f4xx_hal_msp.o
                              0xc427b (size before relaxing)
 .debug_str     0x000c8366       0xd7 ./Core/Src/stm32f4xx_it.o
                              0xc3b11 (size before relaxing)
 .debug_str     0x000c843d      0x4dc ./Core/Src/sysmem.o
                               0x60d3 (size before relaxing)
 .debug_str     0x000c8919       0xdb ./Core/Src/system_stm32f4xx.o
                              0xc3b0f (size before relaxing)
 .debug_str     0x000c89f4       0x44 ./Core/Startup/startup_stm32f446retx.o
                                 0x86 (size before relaxing)
 .debug_str     0x000c8a38      0xb07 ./Drivers/STM32F4xx_HAL_Driver/Src/stm32f4xx_hal.o
                              0xc46d4 (size before relaxing)
 .debug_str     0x000c953f      0x361 ./Drivers/STM32F4xx_HAL_Driver/Src/stm32f4xx_hal_cortex.o
                              0xc43f9 (size before relaxing)
 .debug_str     0x000c98a0      0x10e ./Drivers/STM32F4xx_HAL_Driver/Src/stm32f4xx_hal_gpio.o
                              0xc3c8a (size before relaxing)
 .debug_str     0x000c99ae      0x233 ./Drivers/STM32F4xx_HAL_Driver/Src/stm32f4xx_hal_rcc.o
                              0xc3f48 (size before relaxing)
 .debug_str     0x000c9be1      0x324 ./Drivers/STM32F4xx_HAL_Driver/Src/stm32f4xx_hal_rcc_ex.o
                              0xc3f7b (size before relaxing)
 .debug_str     0x000c9f05      0x59d ./Drivers/STM32F4xx_HAL_Driver/Src/stm32f4xx_hal_spi.o
                              0xc43ae (size before relaxing)
 .debug_str     0x000ca4a2      0x60d ./Drivers/STM32F4xx_HAL_Driver/Src/stm32f4xx_hal_uart.o
                              0xc44ff (size before relaxing)
 .debug_str     0x000caaaf       0xb5 ./FATFS/App/fatfs.o
                              0xc7413 (size before relaxing)
 .debug_str     0x000cab64      0x232 ./FATFS/Target/user_diskio.o
                              0xc7545 (size before relaxing)
 .debug_str     0x000cad96       0xfd ./MIDWARE/FATFS_SD/FATFS_SD.o
                              0xc4425 (size before relaxing)
 .debug_str     0x000cae93       0x52 ./Middlewares/Third_Party/FatFs/src/diskio.o
                              0xc730f (size before relaxing)
 .debug_str     0x000caee5     0x107b ./Middlewares/Third_Party/FatFs/src/ff.o
                              0xc8616 (size before relaxing)
 .debug_str     0x000cbf60       0x91 ./Middlewares/Third_Party/FatFs/src/ff_gen_drv.o
                              0xc7360 (size before relaxing)
 .debug_str     0x000cbff1       0x49 ./Middlewares/Third_Party/FatFs/src/option/ccsbcs.o
                              0xc70e4 (size before relaxing)

.comment        0x00000000       0x43
 .comment       0x00000000       0x43 ./Core/Src/main.o
                                 0x44 (size before relaxing)
 .comment       0x00000043       0x44 ./Core/Src/stm32f4xx_hal_msp.o
 .comment       0x00000043       0x44 ./Core/Src/stm32f4xx_it.o
 .comment       0x00000043       0x44 ./Core/Src/sysmem.o
 .comment       0x00000043       0x44 ./Core/Src/system_stm32f4xx.o
 .comment       0x00000043       0x44 ./Drivers/STM32F4xx_HAL_Driver/Src/stm32f4xx_hal.o
 .comment       0x00000043       0x44 ./Drivers/STM32F4xx_HAL_Driver/Src/stm32f4xx_hal_cortex.o
 .comment       0x00000043       0x44 ./Drivers/STM32F4xx_HAL_Driver/Src/stm32f4xx_hal_gpio.o
 .comment       0x00000043       0x44 ./Drivers/STM32F4xx_HAL_Driver/Src/stm32f4xx_hal_rcc.o
 .comment       0x00000043       0x44 ./Drivers/STM32F4xx_HAL_Driver/Src/stm32f4xx_hal_rcc_ex.o
 .comment       0x00000043       0x44 ./Drivers/STM32F4xx_HAL_Driver/Src/stm32f4xx_hal_spi.o
 .comment       0x00000043       0x44 ./Drivers/STM32F4xx_HAL_Driver/Src/stm32f4xx_hal_uart.o
 .comment       0x00000043       0x44 ./FATFS/App/fatfs.o
 .comment       0x00000043       0x44 ./FATFS/Target/user_diskio.o
 .comment       0x00000043       0x44 ./MIDWARE/FATFS_SD/FATFS_SD.o
 .comment       0x00000043       0x44 ./Middlewares/Third_Party/FatFs/src/diskio.o
 .comment       0x00000043       0x44 ./Middlewares/Third_Party/FatFs/src/ff.o
 .comment       0x00000043       0x44 ./Middlewares/Third_Party/FatFs/src/ff_gen_drv.o
 .comment       0x00000043       0x44 ./Middlewares/Third_Party/FatFs/src/option/ccsbcs.o

.debug_frame    0x00000000     0x38f8
 .debug_frame   0x00000000      0x134 ./Core/Src/main.o
 .debug_frame   0x00000134       0xc4 ./Core/Src/stm32f4xx_hal_msp.o
 .debug_frame   0x000001f8      0x104 ./Core/Src/stm32f4xx_it.o
 .debug_frame   0x000002fc       0x34 ./Core/Src/sysmem.o
 .debug_frame   0x00000330       0x58 ./Core/Src/system_stm32f4xx.o
 .debug_frame   0x00000388      0x374 ./Drivers/STM32F4xx_HAL_Driver/Src/stm32f4xx_hal.o
 .debug_frame   0x000006fc      0x4b8 ./Drivers/STM32F4xx_HAL_Driver/Src/stm32f4xx_hal_cortex.o
 .debug_frame   0x00000bb4      0x14c ./Drivers/STM32F4xx_HAL_Driver/Src/stm32f4xx_hal_gpio.o
 .debug_frame   0x00000d00      0x1f4 ./Drivers/STM32F4xx_HAL_Driver/Src/stm32f4xx_hal_rcc.o
 .debug_frame   0x00000ef4      0x1e8 ./Drivers/STM32F4xx_HAL_Driver/Src/stm32f4xx_hal_rcc_ex.o
 .debug_frame   0x000010dc      0x828 ./Drivers/STM32F4xx_HAL_Driver/Src/stm32f4xx_hal_spi.o
 .debug_frame   0x00001904      0x954 ./Drivers/STM32F4xx_HAL_Driver/Src/stm32f4xx_hal_uart.o
 .debug_frame   0x00002258       0x4c ./FATFS/App/fatfs.o
 .debug_frame   0x000022a4       0xc4 ./FATFS/Target/user_diskio.o
 .debug_frame   0x00002368      0x28c ./MIDWARE/FATFS_SD/FATFS_SD.o
 .debug_frame   0x000025f4       0xec ./Middlewares/Third_Party/FatFs/src/diskio.o
 .debug_frame   0x000026e0      0xa0c ./Middlewares/Third_Party/FatFs/src/ff.o
 .debug_frame   0x000030ec       0xc8 ./Middlewares/Third_Party/FatFs/src/ff_gen_drv.o
 .debug_frame   0x000031b4       0x60 ./Middlewares/Third_Party/FatFs/src/option/ccsbcs.o
 .debug_frame   0x00003214       0x6c /Applications/STM32CubeIDE.app/Contents/Eclipse/plugins/com.st.stm32cube.ide.mcu.externaltools.gnu-tools-for-stm32.12.3.rel1.macos64_1.0.100.202403111906/tools/bin/../lib/gcc/arm-none-eabi/12.3.1/../../../../arm-none-eabi/lib/thumb/v7e-m+fp/hard/libc_nano.a(libc_a-sprintf.o)
 .debug_frame   0x00003280      0x144 /Applications/STM32CubeIDE.app/Contents/Eclipse/plugins/com.st.stm32cube.ide.mcu.externaltools.gnu-tools-for-stm32.12.3.rel1.macos64_1.0.100.202403111906/tools/bin/../lib/gcc/arm-none-eabi/12.3.1/../../../../arm-none-eabi/lib/thumb/v7e-m+fp/hard/libc_nano.a(libc_a-findfp.o)
 .debug_frame   0x000033c4       0x20 /Applications/STM32CubeIDE.app/Contents/Eclipse/plugins/com.st.stm32cube.ide.mcu.externaltools.gnu-tools-for-stm32.12.3.rel1.macos64_1.0.100.202403111906/tools/bin/../lib/gcc/arm-none-eabi/12.3.1/../../../../arm-none-eabi/lib/thumb/v7e-m+fp/hard/libc_nano.a(libc_a-memset.o)
 .debug_frame   0x000033e4       0x20 /Applications/STM32CubeIDE.app/Contents/Eclipse/plugins/com.st.stm32cube.ide.mcu.externaltools.gnu-tools-for-stm32.12.3.rel1.macos64_1.0.100.202403111906/tools/bin/../lib/gcc/arm-none-eabi/12.3.1/../../../../arm-none-eabi/lib/thumb/v7e-m+fp/hard/libc_nano.a(libc_a-errno.o)
 .debug_frame   0x00003404       0x2c /Applications/STM32CubeIDE.app/Contents/Eclipse/plugins/com.st.stm32cube.ide.mcu.externaltools.gnu-tools-for-stm32.12.3.rel1.macos64_1.0.100.202403111906/tools/bin/../lib/gcc/arm-none-eabi/12.3.1/../../../../arm-none-eabi/lib/thumb/v7e-m+fp/hard/libc_nano.a(libc_a-init.o)
 .debug_frame   0x00003430       0xb0 /Applications/STM32CubeIDE.app/Contents/Eclipse/plugins/com.st.stm32cube.ide.mcu.externaltools.gnu-tools-for-stm32.12.3.rel1.macos64_1.0.100.202403111906/tools/bin/../lib/gcc/arm-none-eabi/12.3.1/../../../../arm-none-eabi/lib/thumb/v7e-m+fp/hard/libc_nano.a(libc_a-lock.o)
 .debug_frame   0x000034e0       0x90 /Applications/STM32CubeIDE.app/Contents/Eclipse/plugins/com.st.stm32cube.ide.mcu.externaltools.gnu-tools-for-stm32.12.3.rel1.macos64_1.0.100.202403111906/tools/bin/../lib/gcc/arm-none-eabi/12.3.1/../../../../arm-none-eabi/lib/thumb/v7e-m+fp/hard/libc_nano.a(libc_a-nano-svfprintf.o)
 .debug_frame   0x00003570       0x50 /Applications/STM32CubeIDE.app/Contents/Eclipse/plugins/com.st.stm32cube.ide.mcu.externaltools.gnu-tools-for-stm32.12.3.rel1.macos64_1.0.100.202403111906/tools/bin/../lib/gcc/arm-none-eabi/12.3.1/../../../../arm-none-eabi/lib/thumb/v7e-m+fp/hard/libc_nano.a(libc_a-mallocr.o)
 .debug_frame   0x000035c0       0x60 /Applications/STM32CubeIDE.app/Contents/Eclipse/plugins/com.st.stm32cube.ide.mcu.externaltools.gnu-tools-for-stm32.12.3.rel1.macos64_1.0.100.202403111906/tools/bin/../lib/gcc/arm-none-eabi/12.3.1/../../../../arm-none-eabi/lib/thumb/v7e-m+fp/hard/libc_nano.a(libc_a-nano-vfprintf_i.o)
 .debug_frame   0x00003620       0x30 /Applications/STM32CubeIDE.app/Contents/Eclipse/plugins/com.st.stm32cube.ide.mcu.externaltools.gnu-tools-for-stm32.12.3.rel1.macos64_1.0.100.202403111906/tools/bin/../lib/gcc/arm-none-eabi/12.3.1/../../../../arm-none-eabi/lib/thumb/v7e-m+fp/hard/libc_nano.a(libc_a-mlock.o)
 .debug_frame   0x00003650       0x3c /Applications/STM32CubeIDE.app/Contents/Eclipse/plugins/com.st.stm32cube.ide.mcu.externaltools.gnu-tools-for-stm32.12.3.rel1.macos64_1.0.100.202403111906/tools/bin/../lib/gcc/arm-none-eabi/12.3.1/../../../../arm-none-eabi/lib/thumb/v7e-m+fp/hard/libc_nano.a(libc_a-reallocr.o)
 .debug_frame   0x0000368c       0x28 /Applications/STM32CubeIDE.app/Contents/Eclipse/plugins/com.st.stm32cube.ide.mcu.externaltools.gnu-tools-for-stm32.12.3.rel1.macos64_1.0.100.202403111906/tools/bin/../lib/gcc/arm-none-eabi/12.3.1/../../../../arm-none-eabi/lib/thumb/v7e-m+fp/hard/libc_nano.a(libc_a-memmove.o)
 .debug_frame   0x000036b4       0x38 /Applications/STM32CubeIDE.app/Contents/Eclipse/plugins/com.st.stm32cube.ide.mcu.externaltools.gnu-tools-for-stm32.12.3.rel1.macos64_1.0.100.202403111906/tools/bin/../lib/gcc/arm-none-eabi/12.3.1/../../../../arm-none-eabi/lib/thumb/v7e-m+fp/hard/libc_nano.a(libc_a-reent.o)
 .debug_frame   0x000036ec       0x2c /Applications/STM32CubeIDE.app/Contents/Eclipse/plugins/com.st.stm32cube.ide.mcu.externaltools.gnu-tools-for-stm32.12.3.rel1.macos64_1.0.100.202403111906/tools/bin/../lib/gcc/arm-none-eabi/12.3.1/../../../../arm-none-eabi/lib/thumb/v7e-m+fp/hard/libc_nano.a(libc_a-sbrkr.o)
 .debug_frame   0x00003718       0x28 /Applications/STM32CubeIDE.app/Contents/Eclipse/plugins/com.st.stm32cube.ide.mcu.externaltools.gnu-tools-for-stm32.12.3.rel1.macos64_1.0.100.202403111906/tools/bin/../lib/gcc/arm-none-eabi/12.3.1/../../../../arm-none-eabi/lib/thumb/v7e-m+fp/hard/libc_nano.a(libc_a-memcpy-stub.o)
 .debug_frame   0x00003740       0x38 /Applications/STM32CubeIDE.app/Contents/Eclipse/plugins/com.st.stm32cube.ide.mcu.externaltools.gnu-tools-for-stm32.12.3.rel1.macos64_1.0.100.202403111906/tools/bin/../lib/gcc/arm-none-eabi/12.3.1/../../../../arm-none-eabi/lib/thumb/v7e-m+fp/hard/libc_nano.a(libc_a-freer.o)
 .debug_frame   0x00003778       0x20 /Applications/STM32CubeIDE.app/Contents/Eclipse/plugins/com.st.stm32cube.ide.mcu.externaltools.gnu-tools-for-stm32.12.3.rel1.macos64_1.0.100.202403111906/tools/bin/../lib/gcc/arm-none-eabi/12.3.1/../../../../arm-none-eabi/lib/thumb/v7e-m+fp/hard/libc_nano.a(libc_a-msizer.o)