../Core/Src/main.c:64:13:UART_Print	16	static
../Core/Src/main.c:81:5:main	16	static
../Core/Src/main.c:139:6:SystemClock_Config	88	static
../Core/Src/main.c:187:13:MX_SPI2_Init	8	static
../Core/Src/main.c:224:13:MX_SPI3_Init	8	static
../Core/Src/main.c:262:13:MX_USART2_UART_Init	8	static
../Core/Src/main.c:295:13:MX_GPIO_Init	48	static
../Core/Src/main.c:322:6:HAL_SPI_RxCpltCallback	16	static
../Core/Src/main.c:328:13:SD_Card_Foo	8528	static
../Core/Src/main.c:377:13:SD_Card_Test	8544	static
../Core/Src/main.c:493:6:Error_Handler	4	static,ignoring_inline_asm
