21:53:07 **** Incremental Build of configuration Debug for project kerplunk2 ****
make -j11 all 
arm-none-eabi-gcc "../Core/Src/main.c" -mcpu=cortex-m4 -std=gnu11 -g3 -DDEBUG -DUSE_HAL_DRIVER -DSTM32F446xx -c -I../FATFS/Target -I../FATFS/App -I../Core/Inc -I../Drivers/STM32F4xx_HAL_Driver/Inc -I../Drivers/STM32F4xx_HAL_Driver/Inc/Legacy -I../Middlewares/Third_Party/FatFs/src -I../Drivers/CMSIS/Device/ST/STM32F4xx/Include -I../Drivers/CMSIS/Include -O0 -ffunction-sections -fdata-sections -Wall -fstack-usage -fcyclomatic-complexity -MMD -MP -MF"Core/Src/main.d" -MT"Core/Src/main.o" --specs=nano.specs -mfpu=fpv4-sp-d16 -mfloat-abi=hard -mthumb -o "Core/Src/main.o"
../Core/Src/main.c: In function 'main':
../Core/Src/main.c:114:15: warning: passing argument 1 of 'SD_Card_Foo' from incompatible pointer type [-Wincompatible-pointer-types]
  114 |   SD_Card_Foo(&counter);
      |               ^~~~~~~~
      |               |
      |               int **
../Core/Src/main.c:69:30: note: expected 'int *' but argument is of type 'int **'
   69 | static void SD_Card_Foo(int *cnt);
      |                         ~~~~~^~~
../Core/Src/main.c:127:21: warning: passing argument 1 of 'SD_Card_Foo' from incompatible pointer type [-Wincompatible-pointer-types]
  127 |         SD_Card_Foo(&counter);
      |                     ^~~~~~~~
      |                     |
      |                     int **
../Core/Src/main.c:69:30: note: expected 'int *' but argument is of type 'int **'
   69 | static void SD_Card_Foo(int *cnt);
      |                         ~~~~~^~~
../Core/Src/main.c: At top level:
../Core/Src/main.c:377:13: warning: 'SD_Card_Test' defined but not used [-Wunused-function]
  377 | static void SD_Card_Test(void)
      |             ^~~~~~~~~~~~
arm-none-eabi-gcc -o "kerplunk2.elf" @"objects.list"   -mcpu=cortex-m4 -T"/Users/erik/Desktop/stmdemo/STM32-SD-SPI/kerplunk/kerplunk2/STM32F446RETX_FLASH.ld" --specs=nosys.specs -Wl,-Map="kerplunk2.map" -Wl,--gc-sections -static --specs=nano.specs -mfpu=fpv4-sp-d16 -mfloat-abi=hard -mthumb -Wl,--start-group -lc -lm -Wl,--end-group
Finished building target: kerplunk2.elf
 
arm-none-eabi-size  kerplunk2.elf 
arm-none-eabi-objdump -h -S kerplunk2.elf  > "kerplunk2.list"
   text	   data	    bss	    dec	    hex	filename
  35068	    128	   2984	  38180	   9524	kerplunk2.elf
Finished building: default.size.stdout
 
Finished building: kerplunk2.list
 
21:53:10 **** Incremental Build of configuration Debug for project kerplunk2 ****
make -j11 all 
arm-none-eabi-size  kerplunk2.elf 
   text	   data	    bss	    dec	    hex	filename
  35068	    128	   2984	  38180	   9524	kerplunk2.elf
Finished building: default.size.stdout
 
